
  .   ____          _            __ _ _
 /\\ / ___'_ __ _ _(_)_ __  __ _ \ \ \ \
( ( )\___ | '_ | '_| | '_ \/ _` | \ \ \ \
 \\/  ___)| |_)| | | | | || (_| |  ) ) ) )
  '  |____| .__|_| |_|_| |_\__, | / / / /
 =========|_|==============|___/=/_/_/_/

 :: Spring Boot ::                (v3.5.6)

2026-02-07T23:08:11.983+05:30  INFO 25728 --- [studysync-backend] [           main] c.s.s.StudysyncBackendApplication        : Starting StudysyncBackendApplication v0.0.1-SNAPSHOT using Java 25.0.2 with PID 25728 (E:\Studysync new\studysync-backend\target\studysync-backend-0.0.1-SNAPSHOT.jar started by harsh in E:\Studysync new\studysync-backend)
2026-02-07T23:08:11.984+05:30  INFO 25728 --- [studysync-backend] [           main] c.s.s.StudysyncBackendApplication        : No active profile set, falling back to 1 default profile: "default"
2026-02-07T23:08:13.515+05:30  INFO 25728 --- [studysync-backend] [           main] .s.d.r.c.RepositoryConfigurationDelegate : Bootstrapping Spring Data JPA repositories in DEFAULT mode.
2026-02-07T23:08:13.715+05:30  INFO 25728 --- [studysync-backend] [           main] .s.d.r.c.RepositoryConfigurationDelegate : Finished Spring Data repository scanning in 177 ms. Found 11 JPA repository interfaces.
2026-02-07T23:08:15.932+05:30  INFO 25728 --- [studysync-backend] [           main] o.s.b.w.embedded.tomcat.TomcatWebServer  : Tomcat initialized with port 8080 (http)
2026-02-07T23:08:16.002+05:30  INFO 25728 --- [studysync-backend] [           main] o.apache.catalina.core.StandardService   : Starting service [Tomcat]
2026-02-07T23:08:16.003+05:30  INFO 25728 --- [studysync-backend] [           main] o.apache.catalina.core.StandardEngine    : Starting Servlet engine: [Apache Tomcat/10.1.46]
2026-02-07T23:08:16.085+05:30  INFO 25728 --- [studysync-backend] [           main] o.a.c.c.C.[Tomcat].[localhost].[/]       : Initializing Spring embedded WebApplicationContext
2026-02-07T23:08:16.086+05:30  INFO 25728 --- [studysync-backend] [           main] w.s.c.ServletWebServerApplicationContext : Root WebApplicationContext: initialization completed in 4021 ms
2026-02-07T23:08:16.804+05:30  INFO 25728 --- [studysync-backend] [           main] o.hibernate.jpa.internal.util.LogHelper  : HHH000204: Processing PersistenceUnitInfo [name: default]
2026-02-07T23:08:16.955+05:30  INFO 25728 --- [studysync-backend] [           main] org.hibernate.Version                    : HHH000412: Hibernate ORM core version 6.6.29.Final
2026-02-07T23:08:17.093+05:30  INFO 25728 --- [studysync-backend] [           main] o.h.c.internal.RegionFactoryInitiator    : HHH000026: Second-level cache disabled
2026-02-07T23:08:18.078+05:30  INFO 25728 --- [studysync-backend] [           main] o.s.o.j.p.SpringPersistenceUnitInfo      : No LoadTimeWeaver setup: ignoring JPA class transformer
2026-02-07T23:08:18.203+05:30  INFO 25728 --- [studysync-backend] [           main] com.zaxxer.hikari.HikariDataSource       : HikariPool-1 - Starting...
2026-02-07T23:08:19.001+05:30  INFO 25728 --- [studysync-backend] [           main] com.zaxxer.hikari.pool.HikariPool        : HikariPool-1 - Added connection com.mysql.cj.jdbc.ConnectionImpl@62c53685
2026-02-07T23:08:19.003+05:30  INFO 25728 --- [studysync-backend] [           main] com.zaxxer.hikari.HikariDataSource       : HikariPool-1 - Start completed.
2026-02-07T23:08:19.076+05:30  WARN 25728 --- [studysync-backend] [           main] org.hibernate.orm.deprecation            : HHH90000025: MySQLDialect does not need to be specified explicitly using 'hibernate.dialect' (remove the property setting and it will be selected by default)
2026-02-07T23:08:19.096+05:30  INFO 25728 --- [studysync-backend] [           main] org.hibernate.orm.connections.pooling    : HHH10001005: Database info:
	Database JDBC URL [Connecting through datasource 'HikariDataSource (HikariPool-1)']
	Database driver: undefined/unknown
	Database version: 8.0.35
	Autocommit mode: undefined/unknown
	Isolation level: undefined/unknown
	Minimum pool size: undefined/unknown
	Maximum pool size: undefined/unknown
2026-02-07T23:08:21.646+05:30  INFO 25728 --- [studysync-backend] [           main] o.h.e.t.j.p.i.JtaPlatformInitiator       : HHH000489: No JTA platform available (set 'hibernate.transaction.jta.platform' to enable JTA platform integration)
Hibernate: alter table badges modify column target_role enum ('ADMIN','STUDENT','TUTOR')
2026-02-07T23:08:22.096+05:30  INFO 25728 --- [studysync-backend] [           main] j.LocalContainerEntityManagerFactoryBean : Initialized JPA EntityManagerFactory for persistence unit 'default'
2026-02-07T23:08:23.053+05:30  INFO 25728 --- [studysync-backend] [           main] o.s.d.j.r.query.QueryEnhancerFactory     : Hibernate is in classpath; If applicable, HQL parser will be used.
2026-02-07T23:08:25.015+05:30  INFO 25728 --- [studysync-backend] [           main] r$InitializeUserDetailsManagerConfigurer : Global AuthenticationManager configured with UserDetailsService bean with name userDetailsService
2026-02-07T23:08:25.445+05:30  WARN 25728 --- [studysync-backend] [           main] JpaBaseConfiguration$JpaWebConfiguration : spring.jpa.open-in-view is enabled by default. Therefore, database queries may be performed during view rendering. Explicitly configure spring.jpa.open-in-view to disable this warning
2026-02-07T23:08:26.140+05:30  INFO 25728 --- [studysync-backend] [           main] o.s.b.a.e.web.EndpointLinksResolver      : Exposing 1 endpoint beneath base path '/actuator'
2026-02-07T23:08:27.526+05:30  INFO 25728 --- [studysync-backend] [           main] o.s.m.s.b.SimpleBrokerMessageHandler     : Starting...
2026-02-07T23:08:27.528+05:30  INFO 25728 --- [studysync-backend] [           main] o.s.m.s.b.SimpleBrokerMessageHandler     : BrokerAvailabilityEvent[available=true, SimpleBrokerMessageHandler [org.springframework.messaging.simp.broker.DefaultSubscriptionRegistry@3f993305]]
2026-02-07T23:08:27.530+05:30  INFO 25728 --- [studysync-backend] [           main] o.s.m.s.b.SimpleBrokerMessageHandler     : Started.
2026-02-07T23:08:27.588+05:30  INFO 25728 --- [studysync-backend] [           main] o.s.b.w.embedded.tomcat.TomcatWebServer  : Tomcat started on port 8080 (http) with context path '/'
2026-02-07T23:08:27.618+05:30  INFO 25728 --- [studysync-backend] [           main] c.s.s.StudysyncBackendApplication        : Started StudysyncBackendApplication in 16.143 seconds (process running for 16.683)
Hibernate: select u1_0.id,u1_0.avatar_url,u1_0.bio,u1_0.current_streak,u1_0.email,u1_0.first_name,u1_0.last_login_date,u1_0.last_name,u1_0.password,u1_0.points,u1_0.profession,u1_0.role from users u1_0 where u1_0.email=?
Hibernate: select u1_0.id,u1_0.avatar_url,u1_0.bio,u1_0.current_streak,u1_0.email,u1_0.first_name,u1_0.last_login_date,u1_0.last_name,u1_0.password,u1_0.points,u1_0.profession,u1_0.role from users u1_0 where u1_0.id=?
Hibernate: update users set avatar_url=?,bio=?,current_streak=?,email=?,first_name=?,last_login_date=?,last_name=?,password=?,points=?,profession=?,role=? where id=?
2026-02-07T23:08:28.464+05:30  WARN 25728 --- [studysync-backend] [           main] o.h.engine.jdbc.spi.SqlExceptionHelper   : SQL Error: 1265, SQLState: 01000
2026-02-07T23:08:28.465+05:30 ERROR 25728 --- [studysync-backend] [           main] o.h.engine.jdbc.spi.SqlExceptionHelper   : Data truncated for column 'role' at row 1
2026-02-07T23:08:28.492+05:30  INFO 25728 --- [studysync-backend] [           main] .s.b.a.l.ConditionEvaluationReportLogger : 

Error starting ApplicationContext. To display the condition evaluation report re-run your application with 'debug' enabled.
2026-02-07T23:08:28.543+05:30 ERROR 25728 --- [studysync-backend] [           main] o.s.boot.SpringApplication               : Application run failed

org.springframework.orm.jpa.JpaSystemException: could not execute statement [Data truncated for column 'role' at row 1] [update users set avatar_url=?,bio=?,current_streak=?,email=?,first_name=?,last_login_date=?,last_name=?,password=?,points=?,profession=?,role=? where id=?]
	at org.springframework.orm.jpa.vendor.HibernateJpaDialect.convertHibernateAccessException(HibernateJpaDialect.java:348) ~[spring-orm-6.2.11.jar!/:6.2.11]
	at org.springframework.orm.jpa.vendor.HibernateJpaDialect.convertHibernateAccessException(HibernateJpaDialect.java:256) ~[spring-orm-6.2.11.jar!/:6.2.11]
	at org.springframework.orm.jpa.vendor.HibernateJpaDialect.translateExceptionIfPossible(HibernateJpaDialect.java:241) ~[spring-orm-6.2.11.jar!/:6.2.11]
	at org.springframework.orm.jpa.JpaTransactionManager.doCommit(JpaTransactionManager.java:567) ~[spring-orm-6.2.11.jar!/:6.2.11]
	at org.springframework.transaction.support.AbstractPlatformTransactionManager.processCommit(AbstractPlatformTransactionManager.java:795) ~[spring-tx-6.2.11.jar!/:6.2.11]
	at org.springframework.transaction.support.AbstractPlatformTransactionManager.commit(AbstractPlatformTransactionManager.java:758) ~[spring-tx-6.2.11.jar!/:6.2.11]
	at org.springframework.transaction.interceptor.TransactionAspectSupport.commitTransactionAfterReturning(TransactionAspectSupport.java:698) ~[spring-tx-6.2.11.jar!/:6.2.11]
	at org.springframework.transaction.interceptor.TransactionAspectSupport.invokeWithinTransaction(TransactionAspectSupport.java:416) ~[spring-tx-6.2.11.jar!/:6.2.11]
	at org.springframework.transaction.interceptor.TransactionInterceptor.invoke(TransactionInterceptor.java:119) ~[spring-tx-6.2.11.jar!/:6.2.11]
	at org.springframework.aop.framework.ReflectiveMethodInvocation.proceed(ReflectiveMethodInvocation.java:184) ~[spring-aop-6.2.11.jar!/:6.2.11]
	at org.springframework.dao.support.PersistenceExceptionTranslationInterceptor.invoke(PersistenceExceptionTranslationInterceptor.java:138) ~[spring-tx-6.2.11.jar!/:6.2.11]
	at org.springframework.aop.framework.ReflectiveMethodInvocation.proceed(ReflectiveMethodInvocation.java:184) ~[spring-aop-6.2.11.jar!/:6.2.11]
	at org.springframework.data.jpa.repository.support.CrudMethodMetadataPostProcessor$CrudMethodMetadataPopulatingMethodInterceptor.invoke(CrudMethodMetadataPostProcessor.java:165) ~[spring-data-jpa-3.5.4.jar!/:3.5.4]
	at org.springframework.aop.framework.ReflectiveMethodInvocation.proceed(ReflectiveMethodInvocation.java:184) ~[spring-aop-6.2.11.jar!/:6.2.11]
	at org.springframework.aop.framework.JdkDynamicAopProxy.invoke(JdkDynamicAopProxy.java:223) ~[spring-aop-6.2.11.jar!/:6.2.11]
	at jdk.proxy2/jdk.proxy2.$Proxy169.save(Unknown Source) ~[na:na]
	at com.studysync.studysyncbackend.config.DataInitializer.lambda$initData$1(DataInitializer.java:41) ~[!/:0.0.1-SNAPSHOT]
	at org.springframework.boot.SpringApplication.lambda$callRunner$5(SpringApplication.java:788) ~[spring-boot-3.5.6.jar!/:3.5.6]
	at org.springframework.util.function.ThrowingConsumer$1.acceptWithException(ThrowingConsumer.java:82) ~[spring-core-6.2.11.jar!/:6.2.11]
	at org.springframework.util.function.ThrowingConsumer.accept(ThrowingConsumer.java:60) ~[spring-core-6.2.11.jar!/:6.2.11]
	at org.springframework.util.function.ThrowingConsumer$1.accept(ThrowingConsumer.java:86) ~[spring-core-6.2.11.jar!/:6.2.11]
	at org.springframework.boot.SpringApplication.callRunner(SpringApplication.java:796) ~[spring-boot-3.5.6.jar!/:3.5.6]
	at org.springframework.boot.SpringApplication.callRunner(SpringApplication.java:787) ~[spring-boot-3.5.6.jar!/:3.5.6]
	at org.springframework.boot.SpringApplication.lambda$callRunners$3(SpringApplication.java:772) ~[spring-boot-3.5.6.jar!/:3.5.6]
	at java.base/java.util.stream.ForEachOps$ForEachOp$OfRef.accept(ForEachOps.java:186) ~[na:na]
	at java.base/java.util.stream.SortedOps$SizedRefSortingSink.end(SortedOps.java:357) ~[na:na]
	at java.base/java.util.stream.AbstractPipeline.copyInto(AbstractPipeline.java:571) ~[na:na]
	at java.base/java.util.stream.AbstractPipeline.wrapAndCopyInto(AbstractPipeline.java:560) ~[na:na]
	at java.base/java.util.stream.ForEachOps$ForEachOp.evaluateSequential(ForEachOps.java:153) ~[na:na]
	at java.base/java.util.stream.ForEachOps$ForEachOp$OfRef.evaluateSequential(ForEachOps.java:176) ~[na:na]
	at java.base/java.util.stream.AbstractPipeline.evaluate(AbstractPipeline.java:265) ~[na:na]
	at java.base/java.util.stream.ReferencePipeline.forEach(ReferencePipeline.java:632) ~[na:na]
	at org.springframework.boot.SpringApplication.callRunners(SpringApplication.java:772) ~[spring-boot-3.5.6.jar!/:3.5.6]
	at org.springframework.boot.SpringApplication.run(SpringApplication.java:325) ~[spring-boot-3.5.6.jar!/:3.5.6]
	at org.springframework.boot.SpringApplication.run(SpringApplication.java:1361) ~[spring-boot-3.5.6.jar!/:3.5.6]
	at org.springframework.boot.SpringApplication.run(SpringApplication.java:1350) ~[spring-boot-3.5.6.jar!/:3.5.6]
	at com.studysync.studysyncbackend.StudysyncBackendApplication.main(StudysyncBackendApplication.java:11) ~[!/:0.0.1-SNAPSHOT]
	at java.base/jdk.internal.reflect.DirectMethodHandleAccessor.invoke(DirectMethodHandleAccessor.java:104) ~[na:na]
	at java.base/java.lang.reflect.Method.invoke(Method.java:565) ~[na:na]
	at org.springframework.boot.loader.launch.Launcher.launch(Launcher.java:102) ~[studysync-backend-0.0.1-SNAPSHOT.jar:0.0.1-SNAPSHOT]
	at org.springframework.boot.loader.launch.Launcher.launch(Launcher.java:64) ~[studysync-backend-0.0.1-SNAPSHOT.jar:0.0.1-SNAPSHOT]
	at org.springframework.boot.loader.launch.JarLauncher.main(JarLauncher.java:40) ~[studysync-backend-0.0.1-SNAPSHOT.jar:0.0.1-SNAPSHOT]
Caused by: org.hibernate.exception.GenericJDBCException: could not execute statement [Data truncated for column 'role' at row 1] [update users set avatar_url=?,bio=?,current_streak=?,email=?,first_name=?,last_login_date=?,last_name=?,password=?,points=?,profession=?,role=? where id=?]
	at org.hibernate.exception.internal.StandardSQLExceptionConverter.convert(StandardSQLExceptionConverter.java:63) ~[hibernate-core-6.6.29.Final.jar!/:6.6.29.Final]
	at org.hibernate.engine.jdbc.spi.SqlExceptionHelper.convert(SqlExceptionHelper.java:108) ~[hibernate-core-6.6.29.Final.jar!/:6.6.29.Final]
	at org.hibernate.engine.jdbc.internal.ResultSetReturnImpl.executeUpdate(ResultSetReturnImpl.java:197) ~[hibernate-core-6.6.29.Final.jar!/:6.6.29.Final]
	at org.hibernate.engine.jdbc.mutation.internal.AbstractMutationExecutor.performNonBatchedMutation(AbstractMutationExecutor.java:134) ~[hibernate-core-6.6.29.Final.jar!/:6.6.29.Final]
	at org.hibernate.engine.jdbc.mutation.internal.MutationExecutorSingleNonBatched.performNonBatchedOperations(MutationExecutorSingleNonBatched.java:55) ~[hibernate-core-6.6.29.Final.jar!/:6.6.29.Final]
	at org.hibernate.engine.jdbc.mutation.internal.AbstractMutationExecutor.execute(AbstractMutationExecutor.java:55) ~[hibernate-core-6.6.29.Final.jar!/:6.6.29.Final]
	at org.hibernate.persister.entity.mutation.UpdateCoordinatorStandard.doStaticUpdate(UpdateCoordinatorStandard.java:781) ~[hibernate-core-6.6.29.Final.jar!/:6.6.29.Final]
	at org.hibernate.persister.entity.mutation.UpdateCoordinatorStandard.performUpdate(UpdateCoordinatorStandard.java:328) ~[hibernate-core-6.6.29.Final.jar!/:6.6.29.Final]
	at org.hibernate.persister.entity.mutation.UpdateCoordinatorStandard.update(UpdateCoordinatorStandard.java:245) ~[hibernate-core-6.6.29.Final.jar!/:6.6.29.Final]
	at org.hibernate.action.internal.EntityUpdateAction.execute(EntityUpdateAction.java:169) ~[hibernate-core-6.6.29.Final.jar!/:6.6.29.Final]
	at org.hibernate.engine.spi.ActionQueue.executeActions(ActionQueue.java:644) ~[hibernate-core-6.6.29.Final.jar!/:6.6.29.Final]
	at org.hibernate.engine.spi.ActionQueue.executeActions(ActionQueue.java:511) ~[hibernate-core-6.6.29.Final.jar!/:6.6.29.Final]
	at org.hibernate.event.internal.AbstractFlushingEventListener.performExecutions(AbstractFlushingEventListener.java:414) ~[hibernate-core-6.6.29.Final.jar!/:6.6.29.Final]
	at org.hibernate.event.internal.DefaultFlushEventListener.onFlush(DefaultFlushEventListener.java:41) ~[hibernate-core-6.6.29.Final.jar!/:6.6.29.Final]
	at org.hibernate.event.service.internal.EventListenerGroupImpl.fireEventOnEachListener(EventListenerGroupImpl.java:127) ~[hibernate-core-6.6.29.Final.jar!/:6.6.29.Final]
	at org.hibernate.internal.SessionImpl.doFlush(SessionImpl.java:1429) ~[hibernate-core-6.6.29.Final.jar!/:6.6.29.Final]
	at org.hibernate.internal.SessionImpl.managedFlush(SessionImpl.java:491) ~[hibernate-core-6.6.29.Final.jar!/:6.6.29.Final]
	at org.hibernate.internal.SessionImpl.flushBeforeTransactionCompletion(SessionImpl.java:2354) ~[hibernate-core-6.6.29.Final.jar!/:6.6.29.Final]
	at org.hibernate.internal.SessionImpl.beforeTransactionCompletion(SessionImpl.java:1978) ~[hibernate-core-6.6.29.Final.jar!/:6.6.29.Final]
	at org.hibernate.engine.jdbc.internal.JdbcCoordinatorImpl.beforeTransactionCompletion(JdbcCoordinatorImpl.java:439) ~[hibernate-core-6.6.29.Final.jar!/:6.6.29.Final]
	at org.hibernate.resource.transaction.backend.jdbc.internal.JdbcResourceLocalTransactionCoordinatorImpl.beforeCompletionCallback(JdbcResourceLocalTransactionCoordinatorImpl.java:169) ~[hibernate-core-6.6.29.Final.jar!/:6.6.29.Final]
	at org.hibernate.resource.transaction.backend.jdbc.internal.JdbcResourceLocalTransactionCoordinatorImpl$TransactionDriverControlImpl.commit(JdbcResourceLocalTransactionCoordinatorImpl.java:267) ~[hibernate-core-6.6.29.Final.jar!/:6.6.29.Final]
	at org.hibernate.engine.transaction.internal.TransactionImpl.commit(TransactionImpl.java:101) ~[hibernate-core-6.6.29.Final.jar!/:6.6.29.Final]
	at org.springframework.orm.jpa.JpaTransactionManager.doCommit(JpaTransactionManager.java:563) ~[spring-orm-6.2.11.jar!/:6.2.11]
	... 38 common frames omitted
Caused by: java.sql.SQLException: Data truncated for column 'role' at row 1
	at com.mysql.cj.jdbc.exceptions.SQLError.createSQLException(SQLError.java:121) ~[mysql-connector-j-9.4.0.jar!/:9.4.0]
	at com.mysql.cj.jdbc.exceptions.SQLExceptionsMapping.translateException(SQLExceptionsMapping.java:114) ~[mysql-connector-j-9.4.0.jar!/:9.4.0]
	at com.mysql.cj.jdbc.ClientPreparedStatement.executeInternal(ClientPreparedStatement.java:988) ~[mysql-connector-j-9.4.0.jar!/:9.4.0]
	at com.mysql.cj.jdbc.ClientPreparedStatement.executeUpdateInternal(ClientPreparedStatement.java:1166) ~[mysql-connector-j-9.4.0.jar!/:9.4.0]
	at com.mysql.cj.jdbc.ClientPreparedStatement.executeUpdateInternal(ClientPreparedStatement.java:1101) ~[mysql-connector-j-9.4.0.jar!/:9.4.0]
	at com.mysql.cj.jdbc.ClientPreparedStatement.executeLargeUpdate(ClientPreparedStatement.java:1448) ~[mysql-connector-j-9.4.0.jar!/:9.4.0]
	at com.mysql.cj.jdbc.ClientPreparedStatement.executeUpdate(ClientPreparedStatement.java:1084) ~[mysql-connector-j-9.4.0.jar!/:9.4.0]
	at com.zaxxer.hikari.pool.ProxyPreparedStatement.executeUpdate(ProxyPreparedStatement.java:61) ~[HikariCP-6.3.3.jar!/:na]
	at com.zaxxer.hikari.pool.HikariProxyPreparedStatement.executeUpdate(HikariProxyPreparedStatement.java) ~[HikariCP-6.3.3.jar!/:na]
	at org.hibernate.engine.jdbc.internal.ResultSetReturnImpl.executeUpdate(ResultSetReturnImpl.java:194) ~[hibernate-core-6.6.29.Final.jar!/:6.6.29.Final]
	... 59 common frames omitted

2026-02-07T23:08:28.559+05:30  INFO 25728 --- [studysync-backend] [           main] o.s.b.w.e.tomcat.GracefulShutdown        : Commencing graceful shutdown. Waiting for active requests to complete
2026-02-07T23:08:28.886+05:30  INFO 25728 --- [studysync-backend] [tomcat-shutdown] o.s.b.w.e.tomcat.GracefulShutdown        : Graceful shutdown complete
2026-02-07T23:08:28.891+05:30  INFO 25728 --- [studysync-backend] [           main] o.s.m.s.b.SimpleBrokerMessageHandler     : Stopping...
2026-02-07T23:08:28.891+05:30  INFO 25728 --- [studysync-backend] [           main] o.s.m.s.b.SimpleBrokerMessageHandler     : BrokerAvailabilityEvent[available=false, SimpleBrokerMessageHandler [org.springframework.messaging.simp.broker.DefaultSubscriptionRegistry@3f993305]]
2026-02-07T23:08:28.891+05:30  INFO 25728 --- [studysync-backend] [           main] o.s.m.s.b.SimpleBrokerMessageHandler     : Stopped.
2026-02-07T23:08:28.905+05:30  INFO 25728 --- [studysync-backend] [           main] j.LocalContainerEntityManagerFactoryBean : Closing JPA EntityManagerFactory for persistence unit 'default'
2026-02-07T23:08:28.909+05:30  INFO 25728 --- [studysync-backend] [           main] com.zaxxer.hikari.HikariDataSource       : HikariPool-1 - Shutdown initiated...
2026-02-07T23:08:28.956+05:30  INFO 25728 --- [studysync-backend] [           main] com.zaxxer.hikari.HikariDataSource       : HikariPool-1 - Shutdown completed.
