[INFO] Scanning for projects...
[INFO] 
[INFO] ------------------< com.studysync:studysync-backend >-------------------
[INFO] Building studysync-backend 0.0.1-SNAPSHOT
[INFO]   from pom.xml
[INFO] --------------------------------[ jar ]---------------------------------
[INFO] 
[INFO] >>> spring-boot:3.5.6:run (default-cli) > test-compile @ studysync-backend >>>
[INFO] 
[INFO] --- jacoco:0.8.10:prepare-agent (prepare-agent) @ studysync-backend ---
[INFO] argLine set to "-javaagent:C:\\Users\\harsh\\.m2\\repository\\org\\jacoco\\org.jacoco.agent\\0.8.10\\org.jacoco.agent-0.8.10-runtime.jar=destfile=E:\\Studysync new\\studysync-backend\\target\\jacoco.exec"
[INFO] 
[INFO] --- resources:3.3.1:resources (default-resources) @ studysync-backend ---
[INFO] Copying 1 resource from src\main\resources to target\classes
[INFO] Copying 0 resource from src\main\resources to target\classes
[INFO] 
[INFO] --- compiler:3.14.0:compile (default-compile) @ studysync-backend ---
[INFO] Nothing to compile - all classes are up to date.
[INFO] 
[INFO] --- resources:3.3.1:testResources (default-testResources) @ studysync-backend ---
[INFO] skip non existing resourceDirectory E:\Studysync new\studysync-backend\src\test\resources
[INFO] 
[INFO] --- compiler:3.14.0:testCompile (default-testCompile) @ studysync-backend ---
[INFO] Nothing to compile - all classes are up to date.
[INFO] 
[INFO] <<< spring-boot:3.5.6:run (default-cli) < test-compile @ studysync-backend <<<
[INFO] 
[INFO] 
[INFO] --- spring-boot:3.5.6:run (default-cli) @ studysync-backend ---
[INFO] Attaching agents: []

  .   ____          _            __ _ _
 /\\ / ___'_ __ _ _(_)_ __  __ _ \ \ \ \
( ( )\___ | '_ | '_| | '_ \/ _` | \ \ \ \
 \\/  ___)| |_)| | | | | || (_| |  ) ) ) )
  '  |____| .__|_| |_|_| |_\__, | / / / /
 =========|_|==============|___/=/_/_/_/

 :: Spring Boot ::                (v3.5.6)

2026-02-07T23:04:53.427+05:30  INFO 28812 --- [studysync-backend] [  restartedMain] c.s.s.StudysyncBackendApplication        : Starting StudysyncBackendApplication using Java 21.0.1 with PID 28812 (E:\Studysync new\studysync-backend\target\classes started by harsh in E:\Studysync new\studysync-backend)
2026-02-07T23:04:53.430+05:30  INFO 28812 --- [studysync-backend] [  restartedMain] c.s.s.StudysyncBackendApplication        : No active profile set, falling back to 1 default profile: "default"
2026-02-07T23:04:53.546+05:30  INFO 28812 --- [studysync-backend] [  restartedMain] .e.DevToolsPropertyDefaultsPostProcessor : Devtools property defaults active! Set 'spring.devtools.add-properties' to 'false' to disable
2026-02-07T23:04:53.546+05:30  INFO 28812 --- [studysync-backend] [  restartedMain] .e.DevToolsPropertyDefaultsPostProcessor : For additional web related logging consider setting the 'logging.level.web' property to 'DEBUG'
2026-02-07T23:04:57.750+05:30  INFO 28812 --- [studysync-backend] [  restartedMain] .s.d.r.c.RepositoryConfigurationDelegate : Bootstrapping Spring Data JPA repositories in DEFAULT mode.
2026-02-07T23:04:58.361+05:30  INFO 28812 --- [studysync-backend] [  restartedMain] .s.d.r.c.RepositoryConfigurationDelegate : Finished Spring Data repository scanning in 596 ms. Found 11 JPA repository interfaces.
2026-02-07T23:05:02.419+05:30  INFO 28812 --- [studysync-backend] [  restartedMain] o.s.b.w.embedded.tomcat.TomcatWebServer  : Tomcat initialized with port 8080 (http)
2026-02-07T23:05:02.469+05:30  INFO 28812 --- [studysync-backend] [  restartedMain] o.apache.catalina.core.StandardService   : Starting service [Tomcat]
2026-02-07T23:05:02.470+05:30  INFO 28812 --- [studysync-backend] [  restartedMain] o.apache.catalina.core.StandardEngine    : Starting Servlet engine: [Apache Tomcat/10.1.46]
2026-02-07T23:05:02.647+05:30  INFO 28812 --- [studysync-backend] [  restartedMain] o.a.c.c.C.[Tomcat].[localhost].[/]       : Initializing Spring embedded WebApplicationContext
2026-02-07T23:05:02.649+05:30  INFO 28812 --- [studysync-backend] [  restartedMain] w.s.c.ServletWebServerApplicationContext : Root WebApplicationContext: initialization completed in 9100 ms
2026-02-07T23:05:03.909+05:30  INFO 28812 --- [studysync-backend] [  restartedMain] o.hibernate.jpa.internal.util.LogHelper  : HHH000204: Processing PersistenceUnitInfo [name: default]
2026-02-07T23:05:04.384+05:30  INFO 28812 --- [studysync-backend] [  restartedMain] org.hibernate.Version                    : HHH000412: Hibernate ORM core version 6.6.29.Final
2026-02-07T23:05:08.828+05:30  INFO 28812 --- [studysync-backend] [  restartedMain] o.h.c.internal.RegionFactoryInitiator    : HHH000026: Second-level cache disabled
2026-02-07T23:05:13.626+05:30  INFO 28812 --- [studysync-backend] [  restartedMain] o.s.o.j.p.SpringPersistenceUnitInfo      : No LoadTimeWeaver setup: ignoring JPA class transformer
2026-02-07T23:05:13.689+05:30  INFO 28812 --- [studysync-backend] [  restartedMain] com.zaxxer.hikari.HikariDataSource       : HikariPool-1 - Starting...
2026-02-07T23:05:18.841+05:30  INFO 28812 --- [studysync-backend] [  restartedMain] com.zaxxer.hikari.pool.HikariPool        : HikariPool-1 - Added connection com.mysql.cj.jdbc.ConnectionImpl@6b2686e0
2026-02-07T23:05:18.846+05:30  INFO 28812 --- [studysync-backend] [  restartedMain] com.zaxxer.hikari.HikariDataSource       : HikariPool-1 - Start completed.
2026-02-07T23:05:18.940+05:30  WARN 28812 --- [studysync-backend] [  restartedMain] org.hibernate.orm.deprecation            : HHH90000025: MySQLDialect does not need to be specified explicitly using 'hibernate.dialect' (remove the property setting and it will be selected by default)
