
  .   ____          _            __ _ _
 /\\ / ___'_ __ _ _(_)_ __  __ _ \ \ \ \
( ( )\___ | '_ | '_| | '_ \/ _` | \ \ \ \
 \\/  ___)| |_)| | | | | || (_| |  ) ) ) )
  '  |____| .__|_| |_|_| |_\__, | / / / /
 =========|_|==============|___/=/_/_/_/

 :: Spring Boot ::                (v3.5.6)

2026-03-30T14:00:11.415+05:30  INFO 19544 --- [studysync-backend] [           main] c.s.s.StudysyncBackendApplication        : Starting StudysyncBackendApplication v0.0.1-SNAPSHOT using Java 25.0.2 with PID 19544 (E:\Studysync new\studysync-backend\target\studysync-backend-0.0.1-SNAPSHOT.jar started by harsh in E:\Studysync new\studysync-backend)
2026-03-30T14:00:11.416+05:30  INFO 19544 --- [studysync-backend] [           main] c.s.s.StudysyncBackendApplication        : No active profile set, falling back to 1 default profile: "default"
2026-03-30T14:00:12.829+05:30  INFO 19544 --- [studysync-backend] [           main] .s.d.r.c.RepositoryConfigurationDelegate : Bootstrapping Spring Data JPA repositories in DEFAULT mode.
2026-03-30T14:00:13.014+05:30  INFO 19544 --- [studysync-backend] [           main] .s.d.r.c.RepositoryConfigurationDelegate : Finished Spring Data repository scanning in 166 ms. Found 14 JPA repository interfaces.
2026-03-30T14:00:14.718+05:30  INFO 19544 --- [studysync-backend] [           main] o.s.b.w.embedded.tomcat.TomcatWebServer  : Tomcat initialized with port 8080 (http)
2026-03-30T14:00:14.748+05:30  INFO 19544 --- [studysync-backend] [           main] o.apache.catalina.core.StandardService   : Starting service [Tomcat]
2026-03-30T14:00:14.748+05:30  INFO 19544 --- [studysync-backend] [           main] o.apache.catalina.core.StandardEngine    : Starting Servlet engine: [Apache Tomcat/10.1.46]
2026-03-30T14:00:14.848+05:30  INFO 19544 --- [studysync-backend] [           main] o.a.c.c.C.[Tomcat].[localhost].[/]       : Initializing Spring embedded WebApplicationContext
2026-03-30T14:00:14.850+05:30  INFO 19544 --- [studysync-backend] [           main] w.s.c.ServletWebServerApplicationContext : Root WebApplicationContext: initialization completed in 3379 ms
2026-03-30T14:00:15.381+05:30  INFO 19544 --- [studysync-backend] [           main] o.hibernate.jpa.internal.util.LogHelper  : HHH000204: Processing PersistenceUnitInfo [name: default]
2026-03-30T14:00:15.488+05:30  INFO 19544 --- [studysync-backend] [           main] org.hibernate.Version                    : HHH000412: Hibernate ORM core version 6.6.29.Final
2026-03-30T14:00:15.581+05:30  INFO 19544 --- [studysync-backend] [           main] o.h.c.internal.RegionFactoryInitiator    : HHH000026: Second-level cache disabled
2026-03-30T14:00:16.158+05:30  INFO 19544 --- [studysync-backend] [           main] o.s.o.j.p.SpringPersistenceUnitInfo      : No LoadTimeWeaver setup: ignoring JPA class transformer
2026-03-30T14:00:16.219+05:30  INFO 19544 --- [studysync-backend] [           main] com.zaxxer.hikari.HikariDataSource       : HikariPool-1 - Starting...
2026-03-30T14:00:16.606+05:30  INFO 19544 --- [studysync-backend] [           main] com.zaxxer.hikari.pool.HikariPool        : HikariPool-1 - Added connection conn0: url=jdbc:h2:mem:studysync1 user=SA
2026-03-30T14:00:16.609+05:30  INFO 19544 --- [studysync-backend] [           main] com.zaxxer.hikari.HikariDataSource       : HikariPool-1 - Start completed.
2026-03-30T14:00:16.653+05:30  WARN 19544 --- [studysync-backend] [           main] org.hibernate.orm.deprecation            : HHH90000025: H2Dialect does not need to be specified explicitly using 'hibernate.dialect' (remove the property setting and it will be selected by default)
2026-03-30T14:00:16.695+05:30  INFO 19544 --- [studysync-backend] [           main] org.hibernate.orm.connections.pooling    : HHH10001005: Database info:
	Database JDBC URL [Connecting through datasource 'HikariDataSource (HikariPool-1)']
	Database driver: undefined/unknown
	Database version: 2.3.232
	Autocommit mode: undefined/unknown
	Isolation level: undefined/unknown
	Minimum pool size: undefined/unknown
	Maximum pool size: undefined/unknown
2026-03-30T14:00:19.219+05:30  INFO 19544 --- [studysync-backend] [           main] o.h.e.t.j.p.i.JtaPlatformInitiator       : HHH000489: No JTA platform available (set 'hibernate.transaction.jta.platform' to enable JTA platform integration)
Hibernate: create table badges (id bigint generated by default as identity, badge_code varchar(50) not null, description varchar(255), icon_url varchar(255), name varchar(100) not null, target_role enum ('ADMIN','STUDENT','TUTOR'), primary key (id))
Hibernate: create table certificate (id bigint generated by default as identity, issue_date timestamp(6), verification_code varchar(255) not null, course_id bigint not null, user_id bigint not null, primary key (id))
Hibernate: create table courses (id bigint generated by default as identity, approval_status enum ('APPROVED','PENDING','REJECTED') not null, average_rating float(53), category varchar(255), description varchar(1000), is_published boolean, level varchar(255), price numeric(10,2), thumbnail varchar(2048), title varchar(255) not null, view_count bigint, tutor_id bigint not null, primary key (id))
Hibernate: create table discussions (id bigint generated by default as identity, content varchar(1000) not null, course_id bigint, created_at timestamp(6), is_hidden boolean not null, module_id bigint, upvotes integer not null, parent_id bigint, user_id bigint not null, primary key (id))
Hibernate: create table earned_badges (id bigint generated by default as identity, earned_at timestamp(6) not null, badge_id bigint not null, user_id bigint not null, primary key (id))
Hibernate: create table enrollments (id bigint generated by default as identity, completed_at timestamp(6), enrolled_at timestamp(6) not null, last_accessed timestamp(6), progress integer not null, course_id bigint not null, user_id bigint not null, primary key (id))
Hibernate: create table module_progress (id bigint generated by default as identity, completed boolean not null, last_accessed timestamp(6), last_position float(53) not null, percentage integer not null, module_id bigint not null, user_id bigint not null, primary key (id))
Hibernate: create table modules (id bigint generated by default as identity, content TEXT, notes_url varchar(512), title varchar(255) not null, video_url varchar(512), course_id bigint not null, primary key (id))
Hibernate: create table question_options (question_id bigint not null, option_text varchar(255))
Hibernate: create table questions (id bigint generated by default as identity, correct_option_index integer not null, text varchar(1000) not null, quiz_id bigint not null, primary key (id))
Hibernate: create table quizzes (id bigint generated by default as identity, title varchar(255), module_id bigint not null, primary key (id))
Hibernate: create table refresh_token (id bigint generated by default as identity, device_info varchar(255), expiry_date timestamp(6) with time zone not null, ip_address varchar(255), is_revoked boolean not null, token varchar(255) not null, user_id bigint, primary key (id))
Hibernate: create table system_settings (id bigint generated by default as identity, allow_registrations boolean not null, config_key varchar(255) not null, global_announcement varchar(255), maintenance_mode boolean not null, primary key (id))
Hibernate: create table user_activities (id bigint generated by default as identity, activity_date date not null, count integer not null, user_id bigint not null, primary key (id))
Hibernate: create table users (id bigint generated by default as identity, avatar_url varchar(255), bio varchar(255), current_streak integer not null, email varchar(255) not null, first_name varchar(255), is_banned boolean not null, last_login_date date, last_name varchar(255), password varchar(255) not null, points bigint not null, profession varchar(255), role enum ('ADMIN','STUDENT','TUTOR') not null, primary key (id))
Hibernate: create table wishlist_items (id bigint generated by default as identity, added_at timestamp(6) not null, course_id bigint not null, user_id bigint not null, primary key (id))
Hibernate: alter table if exists badges drop constraint if exists UKqdwo7b5o7aq4em3y6uwdel0qa
Hibernate: alter table if exists badges add constraint UKqdwo7b5o7aq4em3y6uwdel0qa unique (badge_code)
Hibernate: alter table if exists certificate drop constraint if exists UKbh8vdvrl5pfdpnph4p5pf7ite
Hibernate: alter table if exists certificate add constraint UKbh8vdvrl5pfdpnph4p5pf7ite unique (verification_code)
Hibernate: alter table if exists earned_badges drop constraint if exists UKpp8f5comvktunkbkf27le8dd9
Hibernate: alter table if exists earned_badges add constraint UKpp8f5comvktunkbkf27le8dd9 unique (user_id, badge_id)
Hibernate: alter table if exists enrollments drop constraint if exists UKg1muiskd02x66lpy6fqcj6b9q
Hibernate: alter table if exists enrollments add constraint UKg1muiskd02x66lpy6fqcj6b9q unique (user_id, course_id)
Hibernate: alter table if exists module_progress drop constraint if exists UK3b9jgu5rs4npsfhmb3fqhe9or
Hibernate: alter table if exists module_progress add constraint UK3b9jgu5rs4npsfhmb3fqhe9or unique (user_id, module_id)
Hibernate: alter table if exists quizzes drop constraint if exists UKo3gkobc3m2ohqtacdtcx1lxur
Hibernate: alter table if exists quizzes add constraint UKo3gkobc3m2ohqtacdtcx1lxur unique (module_id)
Hibernate: alter table if exists refresh_token drop constraint if exists UKr4k4edos30bx9neoq81mdvwph
Hibernate: alter table if exists refresh_token add constraint UKr4k4edos30bx9neoq81mdvwph unique (token)
Hibernate: alter table if exists refresh_token drop constraint if exists UKf95ixxe7pa48ryn1awmh2evt7
Hibernate: alter table if exists refresh_token add constraint UKf95ixxe7pa48ryn1awmh2evt7 unique (user_id)
Hibernate: alter table if exists system_settings drop constraint if exists UKcv6i1lu658ukkwnk4cuvj0ow0
Hibernate: alter table if exists system_settings add constraint UKcv6i1lu658ukkwnk4cuvj0ow0 unique (config_key)
Hibernate: alter table if exists user_activities drop constraint if exists UKfwx6kend3ktyfa7qwce0jniyn
Hibernate: alter table if exists user_activities add constraint UKfwx6kend3ktyfa7qwce0jniyn unique (user_id, activity_date)
Hibernate: alter table if exists users drop constraint if exists UK6dotkott2kjsp8vw4d0m25fb7
Hibernate: alter table if exists users add constraint UK6dotkott2kjsp8vw4d0m25fb7 unique (email)
Hibernate: alter table if exists wishlist_items drop constraint if exists UKtc0e8q6kybocrouykqr2sh1nx
Hibernate: alter table if exists wishlist_items add constraint UKtc0e8q6kybocrouykqr2sh1nx unique (user_id, course_id)
Hibernate: alter table if exists certificate add constraint FK13t46rtyipt6ayvme7crsdvs4 foreign key (course_id) references courses
Hibernate: alter table if exists certificate add constraint FKtnnj9ktwn18vtvap4yuptwxhg foreign key (user_id) references users
Hibernate: alter table if exists courses add constraint FKp39d96v9hcwwij5bx2jm4g69u foreign key (tutor_id) references users
Hibernate: alter table if exists discussions add constraint FK9cwu1xbpw2tad1bckyp2iv8t2 foreign key (parent_id) references discussions
Hibernate: alter table if exists discussions add constraint FK9poj0fwjbqjit2n9dt6bhe5f7 foreign key (user_id) references users
Hibernate: alter table if exists earned_badges add constraint FK8xfhg5u100wcxarl1vly2gswb foreign key (badge_id) references badges
Hibernate: alter table if exists earned_badges add constraint FK62hf2p6wtcwhjovxo6tij557y foreign key (user_id) references users on delete cascade
Hibernate: alter table if exists enrollments add constraint FKho8mcicp4196ebpltdn9wl6co foreign key (course_id) references courses
Hibernate: alter table if exists enrollments add constraint FK3hjx6rcnbmfw368sxigrpfpx0 foreign key (user_id) references users
Hibernate: alter table if exists module_progress add constraint FKiwivm59wd0328gij7gayrr37 foreign key (module_id) references modules
Hibernate: alter table if exists module_progress add constraint FKiiw4sskvnx9ym1nixq197p0fo foreign key (user_id) references users
Hibernate: alter table if exists modules add constraint FK8qnnp812q1jd38fx7mxrhpw9 foreign key (course_id) references courses
Hibernate: alter table if exists question_options add constraint FKsb9v00wdrgc9qojtjkv7e1gkp foreign key (question_id) references questions
Hibernate: alter table if exists questions add constraint FKn3gvco4b0kewxc0bywf1igfms foreign key (quiz_id) references quizzes
Hibernate: alter table if exists quizzes add constraint FKnqw01g1df6iqh97ijywvvv51d foreign key (module_id) references modules
Hibernate: alter table if exists refresh_token add constraint FKjtx87i0jvq2svedphegvdwcuy foreign key (user_id) references users
Hibernate: alter table if exists user_activities add constraint FKbe7yq8t74yxeoarmxlxevoped foreign key (user_id) references users
Hibernate: alter table if exists wishlist_items add constraint FKjpokxcgf7t7gqo4tgh15hrcvy foreign key (course_id) references courses on delete cascade
Hibernate: alter table if exists wishlist_items add constraint FKmmj2k1i459yu449k3h1vx5abp foreign key (user_id) references users
2026-03-30T14:00:19.452+05:30  INFO 19544 --- [studysync-backend] [           main] j.LocalContainerEntityManagerFactoryBean : Initialized JPA EntityManagerFactory for persistence unit 'default'
2026-03-30T14:00:20.028+05:30  INFO 19544 --- [studysync-backend] [           main] o.s.d.j.r.query.QueryEnhancerFactory     : Hibernate is in classpath; If applicable, HQL parser will be used.
2026-03-30T14:00:21.837+05:30  INFO 19544 --- [studysync-backend] [           main] r$InitializeUserDetailsManagerConfigurer : Global AuthenticationManager configured with UserDetailsService bean with name userDetailsService
2026-03-30T14:00:22.709+05:30  WARN 19544 --- [studysync-backend] [           main] JpaBaseConfiguration$JpaWebConfiguration : spring.jpa.open-in-view is enabled by default. Therefore, database queries may be performed during view rendering. Explicitly configure spring.jpa.open-in-view to disable this warning
2026-03-30T14:00:23.206+05:30  WARN 19544 --- [studysync-backend] [           main] ConfigServletWebServerApplicationContext : Exception encountered during context initialization - cancelling refresh attempt: org.springframework.beans.factory.BeanCreationException: Error creating bean with name 'org.springframework.security.config.annotation.web.configuration.WebSecurityConfiguration': Injection of autowired dependencies failed
2026-03-30T14:00:23.211+05:30  INFO 19544 --- [studysync-backend] [           main] j.LocalContainerEntityManagerFactoryBean : Closing JPA EntityManagerFactory for persistence unit 'default'
2026-03-30T14:00:23.217+05:30  INFO 19544 --- [studysync-backend] [           main] com.zaxxer.hikari.HikariDataSource       : HikariPool-1 - Shutdown initiated...
2026-03-30T14:00:23.229+05:30  INFO 19544 --- [studysync-backend] [           main] com.zaxxer.hikari.HikariDataSource       : HikariPool-1 - Shutdown completed.
2026-03-30T14:00:23.233+05:30  INFO 19544 --- [studysync-backend] [           main] o.apache.catalina.core.StandardService   : Stopping service [Tomcat]
2026-03-30T14:00:23.269+05:30  INFO 19544 --- [studysync-backend] [           main] .s.b.a.l.ConditionEvaluationReportLogger : 

Error starting ApplicationContext. To display the condition evaluation report re-run your application with 'debug' enabled.
2026-03-30T14:00:23.321+05:30 ERROR 19544 --- [studysync-backend] [           main] o.s.boot.SpringApplication               : Application run failed

org.springframework.beans.factory.BeanCreationException: Error creating bean with name 'org.springframework.security.config.annotation.web.configuration.WebSecurityConfiguration': Injection of autowired dependencies failed
	at org.springframework.beans.factory.annotation.AutowiredAnnotationBeanPostProcessor.postProcessProperties(AutowiredAnnotationBeanPostProcessor.java:515) ~[spring-beans-6.2.11.jar!/:6.2.11]
	at org.springframework.beans.factory.support.AbstractAutowireCapableBeanFactory.populateBean(AbstractAutowireCapableBeanFactory.java:1459) ~[spring-beans-6.2.11.jar!/:6.2.11]
	at org.springframework.beans.factory.support.AbstractAutowireCapableBeanFactory.doCreateBean(AbstractAutowireCapableBeanFactory.java:606) ~[spring-beans-6.2.11.jar!/:6.2.11]
	at org.springframework.beans.factory.support.AbstractAutowireCapableBeanFactory.createBean(AbstractAutowireCapableBeanFactory.java:529) ~[spring-beans-6.2.11.jar!/:6.2.11]
	at org.springframework.beans.factory.support.AbstractBeanFactory.lambda$doGetBean$0(AbstractBeanFactory.java:339) ~[spring-beans-6.2.11.jar!/:6.2.11]
	at org.springframework.beans.factory.support.DefaultSingletonBeanRegistry.getSingleton(DefaultSingletonBeanRegistry.java:373) ~[spring-beans-6.2.11.jar!/:6.2.11]
	at org.springframework.beans.factory.support.AbstractBeanFactory.doGetBean(AbstractBeanFactory.java:337) ~[spring-beans-6.2.11.jar!/:6.2.11]
	at org.springframework.beans.factory.support.AbstractBeanFactory.getBean(AbstractBeanFactory.java:202) ~[spring-beans-6.2.11.jar!/:6.2.11]
	at org.springframework.beans.factory.support.DefaultListableBeanFactory.instantiateSingleton(DefaultListableBeanFactory.java:1221) ~[spring-beans-6.2.11.jar!/:6.2.11]
	at org.springframework.beans.factory.support.DefaultListableBeanFactory.preInstantiateSingleton(DefaultListableBeanFactory.java:1187) ~[spring-beans-6.2.11.jar!/:6.2.11]
	at org.springframework.beans.factory.support.DefaultListableBeanFactory.preInstantiateSingletons(DefaultListableBeanFactory.java:1123) ~[spring-beans-6.2.11.jar!/:6.2.11]
	at org.springframework.context.support.AbstractApplicationContext.finishBeanFactoryInitialization(AbstractApplicationContext.java:987) ~[spring-context-6.2.11.jar!/:6.2.11]
	at org.springframework.context.support.AbstractApplicationContext.refresh(AbstractApplicationContext.java:627) ~[spring-context-6.2.11.jar!/:6.2.11]
	at org.springframework.boot.web.servlet.context.ServletWebServerApplicationContext.refresh(ServletWebServerApplicationContext.java:146) ~[spring-boot-3.5.6.jar!/:3.5.6]
	at org.springframework.boot.SpringApplication.refresh(SpringApplication.java:752) ~[spring-boot-3.5.6.jar!/:3.5.6]
	at org.springframework.boot.SpringApplication.refreshContext(SpringApplication.java:439) ~[spring-boot-3.5.6.jar!/:3.5.6]
	at org.springframework.boot.SpringApplication.run(SpringApplication.java:318) ~[spring-boot-3.5.6.jar!/:3.5.6]
	at org.springframework.boot.SpringApplication.run(SpringApplication.java:1361) ~[spring-boot-3.5.6.jar!/:3.5.6]
	at org.springframework.boot.SpringApplication.run(SpringApplication.java:1350) ~[spring-boot-3.5.6.jar!/:3.5.6]
	at com.studysync.studysyncbackend.StudysyncBackendApplication.main(StudysyncBackendApplication.java:11) ~[!/:0.0.1-SNAPSHOT]
	at java.base/jdk.internal.reflect.DirectMethodHandleAccessor.invoke(DirectMethodHandleAccessor.java:104) ~[na:na]
	at java.base/java.lang.reflect.Method.invoke(Method.java:565) ~[na:na]
	at org.springframework.boot.loader.launch.Launcher.launch(Launcher.java:102) ~[studysync-backend-0.0.1-SNAPSHOT.jar:0.0.1-SNAPSHOT]
	at org.springframework.boot.loader.launch.Launcher.launch(Launcher.java:64) ~[studysync-backend-0.0.1-SNAPSHOT.jar:0.0.1-SNAPSHOT]
	at org.springframework.boot.loader.launch.JarLauncher.main(JarLauncher.java:40) ~[studysync-backend-0.0.1-SNAPSHOT.jar:0.0.1-SNAPSHOT]
Caused by: java.lang.RuntimeException: Could not postProcess org.springframework.security.config.annotation.web.builders.WebSecurity@2e15a0d7 of type class org.springframework.security.config.annotation.web.builders.WebSecurity
	at org.springframework.security.config.annotation.configuration.AutowireBeanFactoryObjectPostProcessor.postProcess(AutowireBeanFactoryObjectPostProcessor.java:71) ~[spring-security-config-6.5.5.jar!/:6.5.5]
	at org.springframework.security.config.annotation.web.configuration.WebSecurityConfiguration.setFilterChainProxySecurityConfigurer(WebSecurityConfiguration.java:159) ~[spring-security-config-6.5.5.jar!/:6.5.5]
	at java.base/jdk.internal.reflect.DirectMethodHandleAccessor.invoke(DirectMethodHandleAccessor.java:104) ~[na:na]
	at java.base/java.lang.reflect.Method.invoke(Method.java:565) ~[na:na]
	at org.springframework.beans.factory.annotation.AutowiredAnnotationBeanPostProcessor$AutowiredMethodElement.inject(AutowiredAnnotationBeanPostProcessor.java:854) ~[spring-beans-6.2.11.jar!/:6.2.11]
	at org.springframework.beans.factory.annotation.InjectionMetadata.inject(InjectionMetadata.java:146) ~[spring-beans-6.2.11.jar!/:6.2.11]
	at org.springframework.beans.factory.annotation.AutowiredAnnotationBeanPostProcessor.postProcessProperties(AutowiredAnnotationBeanPostProcessor.java:509) ~[spring-beans-6.2.11.jar!/:6.2.11]
	... 24 common frames omitted
Caused by: org.springframework.beans.factory.BeanCreationException: Error creating bean with name 'mvcHandlerMappingIntrospectorRequestTransformer': Cannot resolve reference to bean 'mvcHandlerMappingIntrospector' while setting constructor argument
	at org.springframework.beans.factory.support.BeanDefinitionValueResolver.resolveReference(BeanDefinitionValueResolver.java:377) ~[spring-beans-6.2.11.jar!/:6.2.11]
	at org.springframework.beans.factory.support.BeanDefinitionValueResolver.resolveValueIfNecessary(BeanDefinitionValueResolver.java:135) ~[spring-beans-6.2.11.jar!/:6.2.11]
	at org.springframework.beans.factory.support.ConstructorResolver.resolveConstructorArguments(ConstructorResolver.java:691) ~[spring-beans-6.2.11.jar!/:6.2.11]
	at org.springframework.beans.factory.support.ConstructorResolver.autowireConstructor(ConstructorResolver.java:206) ~[spring-beans-6.2.11.jar!/:6.2.11]
	at org.springframework.beans.factory.support.AbstractAutowireCapableBeanFactory.autowireConstructor(AbstractAutowireCapableBeanFactory.java:1395) ~[spring-beans-6.2.11.jar!/:6.2.11]
	at org.springframework.beans.factory.support.AbstractAutowireCapableBeanFactory.createBeanInstance(AbstractAutowireCapableBeanFactory.java:1232) ~[spring-beans-6.2.11.jar!/:6.2.11]
	at org.springframework.beans.factory.support.AbstractAutowireCapableBeanFactory.doCreateBean(AbstractAutowireCapableBeanFactory.java:569) ~[spring-beans-6.2.11.jar!/:6.2.11]
	at org.springframework.beans.factory.support.AbstractAutowireCapableBeanFactory.createBean(AbstractAutowireCapableBeanFactory.java:529) ~[spring-beans-6.2.11.jar!/:6.2.11]
	at org.springframework.beans.factory.support.AbstractBeanFactory.lambda$doGetBean$0(AbstractBeanFactory.java:339) ~[spring-beans-6.2.11.jar!/:6.2.11]
	at org.springframework.beans.factory.support.DefaultSingletonBeanRegistry.getSingleton(DefaultSingletonBeanRegistry.java:373) ~[spring-beans-6.2.11.jar!/:6.2.11]
	at org.springframework.beans.factory.support.AbstractBeanFactory.doGetBean(AbstractBeanFactory.java:337) ~[spring-beans-6.2.11.jar!/:6.2.11]
	at org.springframework.beans.factory.support.AbstractBeanFactory.getBean(AbstractBeanFactory.java:227) ~[spring-beans-6.2.11.jar!/:6.2.11]
	at org.springframework.beans.factory.support.DefaultListableBeanFactory.resolveNamedBean(DefaultListableBeanFactory.java:1613) ~[spring-beans-6.2.11.jar!/:6.2.11]
	at org.springframework.beans.factory.support.DefaultListableBeanFactory.resolveNamedBean(DefaultListableBeanFactory.java:1571) ~[spring-beans-6.2.11.jar!/:6.2.11]
	at org.springframework.beans.factory.support.DefaultListableBeanFactory.resolveBean(DefaultListableBeanFactory.java:564) ~[spring-beans-6.2.11.jar!/:6.2.11]
	at org.springframework.beans.factory.support.DefaultListableBeanFactory$1.getIfUnique(DefaultListableBeanFactory.java:490) ~[spring-beans-6.2.11.jar!/:6.2.11]
	at org.springframework.security.config.annotation.web.builders.WebSecurity.setApplicationContext(WebSecurity.java:433) ~[spring-security-config-6.5.5.jar!/:6.5.5]
	at org.springframework.context.support.ApplicationContextAwareProcessor.invokeAwareInterfaces(ApplicationContextAwareProcessor.java:110) ~[spring-context-6.2.11.jar!/:6.2.11]
	at org.springframework.context.support.ApplicationContextAwareProcessor.postProcessBeforeInitialization(ApplicationContextAwareProcessor.java:85) ~[spring-context-6.2.11.jar!/:6.2.11]
	at org.springframework.beans.factory.support.AbstractAutowireCapableBeanFactory.applyBeanPostProcessorsBeforeInitialization(AbstractAutowireCapableBeanFactory.java:429) ~[spring-beans-6.2.11.jar!/:6.2.11]
	at org.springframework.beans.factory.support.AbstractAutowireCapableBeanFactory.initializeBean(AbstractAutowireCapableBeanFactory.java:1818) ~[spring-beans-6.2.11.jar!/:6.2.11]
	at org.springframework.beans.factory.support.AbstractAutowireCapableBeanFactory.initializeBean(AbstractAutowireCapableBeanFactory.java:419) ~[spring-beans-6.2.11.jar!/:6.2.11]
	at org.springframework.security.config.annotation.configuration.AutowireBeanFactoryObjectPostProcessor.initializeBeanIfNeeded(AutowireBeanFactoryObjectPostProcessor.java:98) ~[spring-security-config-6.5.5.jar!/:6.5.5]
	at org.springframework.security.config.annotation.configuration.AutowireBeanFactoryObjectPostProcessor.postProcess(AutowireBeanFactoryObjectPostProcessor.java:67) ~[spring-security-config-6.5.5.jar!/:6.5.5]
	... 30 common frames omitted
Caused by: org.springframework.beans.factory.BeanCreationException: Error creating bean with name 'mvcHandlerMappingIntrospector' defined in class path resource [org/springframework/boot/autoconfigure/web/servlet/WebMvcAutoConfiguration$EnableWebMvcConfiguration.class]: Error creating bean with name 'requestMappingHandlerMapping' defined in class path resource [org/springframework/boot/autoconfigure/web/servlet/WebMvcAutoConfiguration$EnableWebMvcConfiguration.class]: Ambiguous mapping. Cannot map 'systemSettingsController' method 
com.studysync.studysyncbackend.controller.SystemSettingsController#updateSettings(SystemSettings)
to {PUT [/api/system/settings]}: There is already 'systemController' bean method
com.studysync.studysyncbackend.controller.SystemController#updateSettings(SystemSettings) mapped.
	at org.springframework.beans.factory.support.AbstractAutowireCapableBeanFactory.initializeBean(AbstractAutowireCapableBeanFactory.java:1826) ~[spring-beans-6.2.11.jar!/:6.2.11]
	at org.springframework.beans.factory.support.AbstractAutowireCapableBeanFactory.doCreateBean(AbstractAutowireCapableBeanFactory.java:607) ~[spring-beans-6.2.11.jar!/:6.2.11]
	at org.springframework.beans.factory.support.AbstractAutowireCapableBeanFactory.createBean(AbstractAutowireCapableBeanFactory.java:529) ~[spring-beans-6.2.11.jar!/:6.2.11]
	at org.springframework.beans.factory.support.AbstractBeanFactory.lambda$doGetBean$0(AbstractBeanFactory.java:339) ~[spring-beans-6.2.11.jar!/:6.2.11]
	at org.springframework.beans.factory.support.DefaultSingletonBeanRegistry.getSingleton(DefaultSingletonBeanRegistry.java:373) ~[spring-beans-6.2.11.jar!/:6.2.11]
	at org.springframework.beans.factory.support.AbstractBeanFactory.doGetBean(AbstractBeanFactory.java:337) ~[spring-beans-6.2.11.jar!/:6.2.11]
	at org.springframework.beans.factory.support.AbstractBeanFactory.getBean(AbstractBeanFactory.java:202) ~[spring-beans-6.2.11.jar!/:6.2.11]
	at org.springframework.beans.factory.support.BeanDefinitionValueResolver.resolveReference(BeanDefinitionValueResolver.java:365) ~[spring-beans-6.2.11.jar!/:6.2.11]
	... 53 common frames omitted
Caused by: org.springframework.beans.factory.BeanCreationException: Error creating bean with name 'requestMappingHandlerMapping' defined in class path resource [org/springframework/boot/autoconfigure/web/servlet/WebMvcAutoConfiguration$EnableWebMvcConfiguration.class]: Ambiguous mapping. Cannot map 'systemSettingsController' method 
com.studysync.studysyncbackend.controller.SystemSettingsController#updateSettings(SystemSettings)
to {PUT [/api/system/settings]}: There is already 'systemController' bean method
com.studysync.studysyncbackend.controller.SystemController#updateSettings(SystemSettings) mapped.
	at org.springframework.beans.factory.support.AbstractAutowireCapableBeanFactory.initializeBean(AbstractAutowireCapableBeanFactory.java:1826) ~[spring-beans-6.2.11.jar!/:6.2.11]
	at org.springframework.beans.factory.support.AbstractAutowireCapableBeanFactory.doCreateBean(AbstractAutowireCapableBeanFactory.java:607) ~[spring-beans-6.2.11.jar!/:6.2.11]
	at org.springframework.beans.factory.support.AbstractAutowireCapableBeanFactory.createBean(AbstractAutowireCapableBeanFactory.java:529) ~[spring-beans-6.2.11.jar!/:6.2.11]
	at org.springframework.beans.factory.support.AbstractBeanFactory.lambda$doGetBean$0(AbstractBeanFactory.java:339) ~[spring-beans-6.2.11.jar!/:6.2.11]
	at org.springframework.beans.factory.support.DefaultSingletonBeanRegistry.getSingleton(DefaultSingletonBeanRegistry.java:373) ~[spring-beans-6.2.11.jar!/:6.2.11]
	at org.springframework.beans.factory.support.AbstractBeanFactory.doGetBean(AbstractBeanFactory.java:337) ~[spring-beans-6.2.11.jar!/:6.2.11]
	at org.springframework.beans.factory.support.AbstractBeanFactory.getBean(AbstractBeanFactory.java:202) ~[spring-beans-6.2.11.jar!/:6.2.11]
	at org.springframework.beans.factory.support.DefaultListableBeanFactory.getBeansOfType(DefaultListableBeanFactory.java:748) ~[spring-beans-6.2.11.jar!/:6.2.11]
	at org.springframework.context.support.AbstractApplicationContext.getBeansOfType(AbstractApplicationContext.java:1426) ~[spring-context-6.2.11.jar!/:6.2.11]
	at org.springframework.beans.factory.BeanFactoryUtils.beansOfTypeIncludingAncestors(BeanFactoryUtils.java:372) ~[spring-beans-6.2.11.jar!/:6.2.11]
	at org.springframework.web.servlet.handler.HandlerMappingIntrospector.initHandlerMappings(HandlerMappingIntrospector.java:159) ~[spring-webmvc-6.2.11.jar!/:6.2.11]
	at org.springframework.web.servlet.handler.HandlerMappingIntrospector.afterPropertiesSet(HandlerMappingIntrospector.java:146) ~[spring-webmvc-6.2.11.jar!/:6.2.11]
	at org.springframework.beans.factory.support.AbstractAutowireCapableBeanFactory.invokeInitMethods(AbstractAutowireCapableBeanFactory.java:1873) ~[spring-beans-6.2.11.jar!/:6.2.11]
	at org.springframework.beans.factory.support.AbstractAutowireCapableBeanFactory.initializeBean(AbstractAutowireCapableBeanFactory.java:1822) ~[spring-beans-6.2.11.jar!/:6.2.11]
	... 60 common frames omitted
Caused by: java.lang.IllegalStateException: Ambiguous mapping. Cannot map 'systemSettingsController' method 
com.studysync.studysyncbackend.controller.SystemSettingsController#updateSettings(SystemSettings)
to {PUT [/api/system/settings]}: There is already 'systemController' bean method
com.studysync.studysyncbackend.controller.SystemController#updateSettings(SystemSettings) mapped.
	at org.springframework.web.servlet.handler.AbstractHandlerMethodMapping$MappingRegistry.validateMethodMapping(AbstractHandlerMethodMapping.java:676) ~[spring-webmvc-6.2.11.jar!/:6.2.11]
	at org.springframework.web.servlet.handler.AbstractHandlerMethodMapping$MappingRegistry.register(AbstractHandlerMethodMapping.java:637) ~[spring-webmvc-6.2.11.jar!/:6.2.11]
	at org.springframework.web.servlet.handler.AbstractHandlerMethodMapping.registerHandlerMethod(AbstractHandlerMethodMapping.java:331) ~[spring-webmvc-6.2.11.jar!/:6.2.11]
	at org.springframework.web.servlet.mvc.method.annotation.RequestMappingHandlerMapping.registerHandlerMethod(RequestMappingHandlerMapping.java:507) ~[spring-webmvc-6.2.11.jar!/:6.2.11]
	at org.springframework.web.servlet.mvc.method.annotation.RequestMappingHandlerMapping.registerHandlerMethod(RequestMappingHandlerMapping.java:84) ~[spring-webmvc-6.2.11.jar!/:6.2.11]
	at org.springframework.web.servlet.handler.AbstractHandlerMethodMapping.lambda$detectHandlerMethods$2(AbstractHandlerMethodMapping.java:298) ~[spring-webmvc-6.2.11.jar!/:6.2.11]
	at java.base/java.util.LinkedHashMap.forEach(LinkedHashMap.java:987) ~[na:na]
	at org.springframework.web.servlet.handler.AbstractHandlerMethodMapping.detectHandlerMethods(AbstractHandlerMethodMapping.java:296) ~[spring-webmvc-6.2.11.jar!/:6.2.11]
	at org.springframework.web.servlet.handler.AbstractHandlerMethodMapping.processCandidateBean(AbstractHandlerMethodMapping.java:265) ~[spring-webmvc-6.2.11.jar!/:6.2.11]
	at org.springframework.web.servlet.handler.AbstractHandlerMethodMapping.initHandlerMethods(AbstractHandlerMethodMapping.java:224) ~[spring-webmvc-6.2.11.jar!/:6.2.11]
	at org.springframework.web.servlet.handler.AbstractHandlerMethodMapping.afterPropertiesSet(AbstractHandlerMethodMapping.java:212) ~[spring-webmvc-6.2.11.jar!/:6.2.11]
	at org.springframework.web.servlet.mvc.method.annotation.RequestMappingHandlerMapping.afterPropertiesSet(RequestMappingHandlerMapping.java:237) ~[spring-webmvc-6.2.11.jar!/:6.2.11]
	at org.springframework.beans.factory.support.AbstractAutowireCapableBeanFactory.invokeInitMethods(AbstractAutowireCapableBeanFactory.java:1873) ~[spring-beans-6.2.11.jar!/:6.2.11]
	at org.springframework.beans.factory.support.AbstractAutowireCapableBeanFactory.initializeBean(AbstractAutowireCapableBeanFactory.java:1822) ~[spring-beans-6.2.11.jar!/:6.2.11]
	... 73 common frames omitted

