
  .   ____          _            __ _ _
 /\\ / ___'_ __ _ _(_)_ __  __ _ \ \ \ \
( ( )\___ | '_ | '_| | '_ \/ _` | \ \ \ \
 \\/  ___)| |_)| | | | | || (_| |  ) ) ) )
  '  |____| .__|_| |_|_| |_\__, | / / / /
 =========|_|==============|___/=/_/_/_/

 :: Spring Boot ::                (v3.5.6)

2026-03-30T14:07:58.991+05:30  INFO 16740 --- [studysync-backend] [           main] c.s.s.StudysyncBackendApplication        : Starting StudysyncBackendApplication v0.0.1-SNAPSHOT using Java 25.0.2 with PID 16740 (E:\Studysync new\studysync-backend\target\studysync-backend-0.0.1-SNAPSHOT.jar started by harsh in E:\Studysync new\studysync-backend)
2026-03-30T14:07:58.992+05:30  INFO 16740 --- [studysync-backend] [           main] c.s.s.StudysyncBackendApplication        : No active profile set, falling back to 1 default profile: "default"
2026-03-30T14:08:00.030+05:30  INFO 16740 --- [studysync-backend] [           main] .s.d.r.c.RepositoryConfigurationDelegate : Bootstrapping Spring Data JPA repositories in DEFAULT mode.
2026-03-30T14:08:00.179+05:30  INFO 16740 --- [studysync-backend] [           main] .s.d.r.c.RepositoryConfigurationDelegate : Finished Spring Data repository scanning in 140 ms. Found 14 JPA repository interfaces.
2026-03-30T14:08:01.775+05:30  INFO 16740 --- [studysync-backend] [           main] o.s.b.w.embedded.tomcat.TomcatWebServer  : Tomcat initialized with port 8080 (http)
2026-03-30T14:08:01.808+05:30  INFO 16740 --- [studysync-backend] [           main] o.apache.catalina.core.StandardService   : Starting service [Tomcat]
2026-03-30T14:08:01.808+05:30  INFO 16740 --- [studysync-backend] [           main] o.apache.catalina.core.StandardEngine    : Starting Servlet engine: [Apache Tomcat/10.1.46]
2026-03-30T14:08:01.878+05:30  INFO 16740 --- [studysync-backend] [           main] o.a.c.c.C.[Tomcat].[localhost].[/]       : Initializing Spring embedded WebApplicationContext
2026-03-30T14:08:01.879+05:30  INFO 16740 --- [studysync-backend] [           main] w.s.c.ServletWebServerApplicationContext : Root WebApplicationContext: initialization completed in 2838 ms
2026-03-30T14:08:02.358+05:30  INFO 16740 --- [studysync-backend] [           main] o.hibernate.jpa.internal.util.LogHelper  : HHH000204: Processing PersistenceUnitInfo [name: default]
2026-03-30T14:08:02.459+05:30  INFO 16740 --- [studysync-backend] [           main] org.hibernate.Version                    : HHH000412: Hibernate ORM core version 6.6.29.Final
2026-03-30T14:08:02.519+05:30  INFO 16740 --- [studysync-backend] [           main] o.h.c.internal.RegionFactoryInitiator    : HHH000026: Second-level cache disabled
2026-03-30T14:08:03.035+05:30  INFO 16740 --- [studysync-backend] [           main] o.s.o.j.p.SpringPersistenceUnitInfo      : No LoadTimeWeaver setup: ignoring JPA class transformer
2026-03-30T14:08:03.086+05:30  INFO 16740 --- [studysync-backend] [           main] com.zaxxer.hikari.HikariDataSource       : HikariPool-1 - Starting...
2026-03-30T14:08:03.481+05:30  INFO 16740 --- [studysync-backend] [           main] com.zaxxer.hikari.pool.HikariPool        : HikariPool-1 - Added connection conn0: url=jdbc:h2:mem:studysync1 user=SA
2026-03-30T14:08:03.484+05:30  INFO 16740 --- [studysync-backend] [           main] com.zaxxer.hikari.HikariDataSource       : HikariPool-1 - Start completed.
2026-03-30T14:08:03.523+05:30  WARN 16740 --- [studysync-backend] [           main] org.hibernate.orm.deprecation            : HHH90000025: H2Dialect does not need to be specified explicitly using 'hibernate.dialect' (remove the property setting and it will be selected by default)
2026-03-30T14:08:03.558+05:30  INFO 16740 --- [studysync-backend] [           main] org.hibernate.orm.connections.pooling    : HHH10001005: Database info:
	Database JDBC URL [Connecting through datasource 'HikariDataSource (HikariPool-1)']
	Database driver: undefined/unknown
	Database version: 2.3.232
	Autocommit mode: undefined/unknown
	Isolation level: undefined/unknown
	Minimum pool size: undefined/unknown
	Maximum pool size: undefined/unknown
2026-03-30T14:08:05.856+05:30  INFO 16740 --- [studysync-backend] [           main] o.h.e.t.j.p.i.JtaPlatformInitiator       : HHH000489: No JTA platform available (set 'hibernate.transaction.jta.platform' to enable JTA platform integration)
Hibernate: create table badges (id bigint generated by default as identity, badge_code varchar(50) not null, description varchar(255), icon_url varchar(255), name varchar(100) not null, target_role enum ('ADMIN','STUDENT','TUTOR'), primary key (id))
Hibernate: create table certificate (id bigint generated by default as identity, issue_date timestamp(6), verification_code varchar(255) not null, course_id bigint not null, user_id bigint not null, primary key (id))
Hibernate: create table courses (id bigint generated by default as identity, approval_status enum ('APPROVED','PENDING','REJECTED') not null, average_rating float(53), category varchar(255), description varchar(1000), is_published boolean, level varchar(255), price numeric(10,2), thumbnail varchar(2048), title varchar(255) not null, view_count bigint, tutor_id bigint not null, primary key (id))
Hibernate: create table discussions (id bigint generated by default as identity, content varchar(1000) not null, course_id bigint, created_at timestamp(6), is_hidden boolean not null, module_id bigint, upvotes integer not null, parent_id bigint, user_id bigint not null, primary key (id))
Hibernate: create table earned_badges (id bigint generated by default as identity, earned_at timestamp(6) not null, badge_id bigint not null, user_id bigint not null, primary key (id))
Hibernate: create table enrollments (id bigint generated by default as identity, completed_at timestamp(6), enrolled_at timestamp(6) not null, last_accessed timestamp(6), progress integer not null, course_id bigint not null, user_id bigint not null, primary key (id))
Hibernate: create table module_progress (id bigint generated by default as identity, completed boolean not null, last_accessed timestamp(6), last_position float(53) not null, percentage integer not null, module_id bigint not null, user_id bigint not null, primary key (id))
Hibernate: create table modules (id bigint generated by default as identity, content TEXT, notes_url varchar(512), title varchar(255) not null, video_url varchar(512), course_id bigint not null, primary key (id))
Hibernate: create table question_options (question_id bigint not null, option_text varchar(255))
Hibernate: create table questions (id bigint generated by default as identity, correct_option_index integer not null, text varchar(1000) not null, quiz_id bigint not null, primary key (id))
Hibernate: create table quizzes (id bigint generated by default as identity, title varchar(255), module_id bigint not null, primary key (id))
Hibernate: create table refresh_token (id bigint generated by default as identity, device_info varchar(255), expiry_date timestamp(6) with time zone not null, ip_address varchar(255), is_revoked boolean not null, token varchar(255) not null, user_id bigint, primary key (id))
Hibernate: create table system_settings (id bigint generated by default as identity, allow_registrations boolean not null, config_key varchar(255) not null, global_announcement varchar(255), maintenance_mode boolean not null, primary key (id))
Hibernate: create table user_activities (id bigint generated by default as identity, activity_date date not null, count integer not null, user_id bigint not null, primary key (id))
Hibernate: create table users (id bigint generated by default as identity, avatar_url varchar(255), bio varchar(255), current_streak integer not null, email varchar(255) not null, first_name varchar(255), is_banned boolean not null, last_login_date date, last_name varchar(255), password varchar(255) not null, points bigint not null, profession varchar(255), role enum ('ADMIN','STUDENT','TUTOR') not null, primary key (id))
Hibernate: create table wishlist_items (id bigint generated by default as identity, added_at timestamp(6) not null, course_id bigint not null, user_id bigint not null, primary key (id))
Hibernate: alter table if exists badges drop constraint if exists UKqdwo7b5o7aq4em3y6uwdel0qa
Hibernate: alter table if exists badges add constraint UKqdwo7b5o7aq4em3y6uwdel0qa unique (badge_code)
Hibernate: alter table if exists certificate drop constraint if exists UKbh8vdvrl5pfdpnph4p5pf7ite
Hibernate: alter table if exists certificate add constraint UKbh8vdvrl5pfdpnph4p5pf7ite unique (verification_code)
Hibernate: alter table if exists earned_badges drop constraint if exists UKpp8f5comvktunkbkf27le8dd9
Hibernate: alter table if exists earned_badges add constraint UKpp8f5comvktunkbkf27le8dd9 unique (user_id, badge_id)
Hibernate: alter table if exists enrollments drop constraint if exists UKg1muiskd02x66lpy6fqcj6b9q
Hibernate: alter table if exists enrollments add constraint UKg1muiskd02x66lpy6fqcj6b9q unique (user_id, course_id)
Hibernate: alter table if exists module_progress drop constraint if exists UK3b9jgu5rs4npsfhmb3fqhe9or
Hibernate: alter table if exists module_progress add constraint UK3b9jgu5rs4npsfhmb3fqhe9or unique (user_id, module_id)
Hibernate: alter table if exists quizzes drop constraint if exists UKo3gkobc3m2ohqtacdtcx1lxur
Hibernate: alter table if exists quizzes add constraint UKo3gkobc3m2ohqtacdtcx1lxur unique (module_id)
Hibernate: alter table if exists refresh_token drop constraint if exists UKr4k4edos30bx9neoq81mdvwph
Hibernate: alter table if exists refresh_token add constraint UKr4k4edos30bx9neoq81mdvwph unique (token)
Hibernate: alter table if exists refresh_token drop constraint if exists UKf95ixxe7pa48ryn1awmh2evt7
Hibernate: alter table if exists refresh_token add constraint UKf95ixxe7pa48ryn1awmh2evt7 unique (user_id)
Hibernate: alter table if exists system_settings drop constraint if exists UKcv6i1lu658ukkwnk4cuvj0ow0
Hibernate: alter table if exists system_settings add constraint UKcv6i1lu658ukkwnk4cuvj0ow0 unique (config_key)
Hibernate: alter table if exists user_activities drop constraint if exists UKfwx6kend3ktyfa7qwce0jniyn
Hibernate: alter table if exists user_activities add constraint UKfwx6kend3ktyfa7qwce0jniyn unique (user_id, activity_date)
Hibernate: alter table if exists users drop constraint if exists UK6dotkott2kjsp8vw4d0m25fb7
Hibernate: alter table if exists users add constraint UK6dotkott2kjsp8vw4d0m25fb7 unique (email)
Hibernate: alter table if exists wishlist_items drop constraint if exists UKtc0e8q6kybocrouykqr2sh1nx
Hibernate: alter table if exists wishlist_items add constraint UKtc0e8q6kybocrouykqr2sh1nx unique (user_id, course_id)
Hibernate: alter table if exists certificate add constraint FK13t46rtyipt6ayvme7crsdvs4 foreign key (course_id) references courses
Hibernate: alter table if exists certificate add constraint FKtnnj9ktwn18vtvap4yuptwxhg foreign key (user_id) references users
Hibernate: alter table if exists courses add constraint FKp39d96v9hcwwij5bx2jm4g69u foreign key (tutor_id) references users
Hibernate: alter table if exists discussions add constraint FK9cwu1xbpw2tad1bckyp2iv8t2 foreign key (parent_id) references discussions
Hibernate: alter table if exists discussions add constraint FK9poj0fwjbqjit2n9dt6bhe5f7 foreign key (user_id) references users
Hibernate: alter table if exists earned_badges add constraint FK8xfhg5u100wcxarl1vly2gswb foreign key (badge_id) references badges
Hibernate: alter table if exists earned_badges add constraint FK62hf2p6wtcwhjovxo6tij557y foreign key (user_id) references users on delete cascade
Hibernate: alter table if exists enrollments add constraint FKho8mcicp4196ebpltdn9wl6co foreign key (course_id) references courses
Hibernate: alter table if exists enrollments add constraint FK3hjx6rcnbmfw368sxigrpfpx0 foreign key (user_id) references users
Hibernate: alter table if exists module_progress add constraint FKiwivm59wd0328gij7gayrr37 foreign key (module_id) references modules
Hibernate: alter table if exists module_progress add constraint FKiiw4sskvnx9ym1nixq197p0fo foreign key (user_id) references users
Hibernate: alter table if exists modules add constraint FK8qnnp812q1jd38fx7mxrhpw9 foreign key (course_id) references courses
Hibernate: alter table if exists question_options add constraint FKsb9v00wdrgc9qojtjkv7e1gkp foreign key (question_id) references questions
Hibernate: alter table if exists questions add constraint FKn3gvco4b0kewxc0bywf1igfms foreign key (quiz_id) references quizzes
Hibernate: alter table if exists quizzes add constraint FKnqw01g1df6iqh97ijywvvv51d foreign key (module_id) references modules
Hibernate: alter table if exists refresh_token add constraint FKjtx87i0jvq2svedphegvdwcuy foreign key (user_id) references users
Hibernate: alter table if exists user_activities add constraint FKbe7yq8t74yxeoarmxlxevoped foreign key (user_id) references users
Hibernate: alter table if exists wishlist_items add constraint FKjpokxcgf7t7gqo4tgh15hrcvy foreign key (course_id) references courses on delete cascade
Hibernate: alter table if exists wishlist_items add constraint FKmmj2k1i459yu449k3h1vx5abp foreign key (user_id) references users
2026-03-30T14:08:06.070+05:30  INFO 16740 --- [studysync-backend] [           main] j.LocalContainerEntityManagerFactoryBean : Initialized JPA EntityManagerFactory for persistence unit 'default'
2026-03-30T14:08:06.607+05:30  INFO 16740 --- [studysync-backend] [           main] o.s.d.j.r.query.QueryEnhancerFactory     : Hibernate is in classpath; If applicable, HQL parser will be used.
2026-03-30T14:08:08.285+05:30  INFO 16740 --- [studysync-backend] [           main] r$InitializeUserDetailsManagerConfigurer : Global AuthenticationManager configured with UserDetailsService bean with name userDetailsService
2026-03-30T14:08:08.701+05:30  WARN 16740 --- [studysync-backend] [           main] JpaBaseConfiguration$JpaWebConfiguration : spring.jpa.open-in-view is enabled by default. Therefore, database queries may be performed during view rendering. Explicitly configure spring.jpa.open-in-view to disable this warning
2026-03-30T14:08:09.425+05:30  INFO 16740 --- [studysync-backend] [           main] o.s.b.a.e.web.EndpointLinksResolver      : Exposing 1 endpoint beneath base path '/actuator'
2026-03-30T14:08:10.321+05:30  INFO 16740 --- [studysync-backend] [           main] o.s.m.s.b.SimpleBrokerMessageHandler     : Starting...
2026-03-30T14:08:10.323+05:30  INFO 16740 --- [studysync-backend] [           main] o.s.m.s.b.SimpleBrokerMessageHandler     : BrokerAvailabilityEvent[available=true, SimpleBrokerMessageHandler [org.springframework.messaging.simp.broker.DefaultSubscriptionRegistry@64f578eb]]
2026-03-30T14:08:10.325+05:30  INFO 16740 --- [studysync-backend] [           main] o.s.m.s.b.SimpleBrokerMessageHandler     : Started.
2026-03-30T14:08:10.387+05:30  INFO 16740 --- [studysync-backend] [           main] o.s.b.w.embedded.tomcat.TomcatWebServer  : Tomcat started on port 8080 (http) with context path '/'
2026-03-30T14:08:10.406+05:30  INFO 16740 --- [studysync-backend] [           main] c.s.s.StudysyncBackendApplication        : Started StudysyncBackendApplication in 11.796 seconds (process running for 12.189)
Hibernate: select u1_0.id,u1_0.avatar_url,u1_0.bio,u1_0.current_streak,u1_0.email,u1_0.first_name,u1_0.is_banned,u1_0.last_login_date,u1_0.last_name,u1_0.password,u1_0.points,u1_0.profession,u1_0.role from users u1_0 where u1_0.email=?
Hibernate: insert into users (avatar_url,bio,current_streak,email,first_name,is_banned,last_login_date,last_name,password,points,profession,role,id) values (?,?,?,?,?,?,?,?,?,?,?,?,default)
Admin user updated/created: admin@studysync.com / password (Role: ADMIN)
Hibernate: select u1_0.id,u1_0.avatar_url,u1_0.bio,u1_0.current_streak,u1_0.email,u1_0.first_name,u1_0.is_banned,u1_0.last_login_date,u1_0.last_name,u1_0.password,u1_0.points,u1_0.profession,u1_0.role from users u1_0 where u1_0.email=?
Hibernate: insert into users (avatar_url,bio,current_streak,email,first_name,is_banned,last_login_date,last_name,password,points,profession,role,id) values (?,?,?,?,?,?,?,?,?,?,?,?,default)
Standard user updated/created: user@studysync.com / password
Hibernate: select u1_0.id,u1_0.avatar_url,u1_0.bio,u1_0.current_streak,u1_0.email,u1_0.first_name,u1_0.is_banned,u1_0.last_login_date,u1_0.last_name,u1_0.password,u1_0.points,u1_0.profession,u1_0.role from users u1_0 where u1_0.email=?
Hibernate: insert into users (avatar_url,bio,current_streak,email,first_name,is_banned,last_login_date,last_name,password,points,profession,role,id) values (?,?,?,?,?,?,?,?,?,?,?,?,default)
Dedicated tutor updated/created: tutor@studysync.com / password
Hibernate: select c1_0.id,c1_0.approval_status,c1_0.average_rating,c1_0.category,c1_0.description,c1_0.is_published,c1_0.level,c1_0.price,c1_0.thumbnail,c1_0.title,c1_0.tutor_id,c1_0.view_count from courses c1_0
Hibernate: insert into courses (approval_status,average_rating,category,description,is_published,level,price,thumbnail,title,tutor_id,view_count,id) values (?,?,?,?,?,?,?,?,?,?,?,default)
Ensured demo course is published: Introduction to StudySync
Hibernate: select count(*) from badges b1_0
2026-03-30T14:08:11.235+05:30  INFO 16740 --- [studysync-backend] [           main] c.s.s.component.BadgeInitializer         : Initializing default badges...
Hibernate: insert into badges (badge_code,description,icon_url,name,target_role,id) values (?,?,?,?,?,default)
Hibernate: insert into badges (badge_code,description,icon_url,name,target_role,id) values (?,?,?,?,?,default)
Hibernate: insert into badges (badge_code,description,icon_url,name,target_role,id) values (?,?,?,?,?,default)
Hibernate: insert into badges (badge_code,description,icon_url,name,target_role,id) values (?,?,?,?,?,default)
2026-03-30T14:08:11.247+05:30  INFO 16740 --- [studysync-backend] [           main] c.s.s.component.BadgeInitializer         : Successfully initialized 4 badges.
2026-03-30T14:09:10.239+05:30  INFO 16740 --- [studysync-backend] [MessageBroker-1] o.s.w.s.c.WebSocketMessageBrokerStats    : WebSocketSession[0 current WS(0)-HttpStream(0)-HttpPoll(0), 0 total, 0 closed abnormally (0 connect failure, 0 send limit, 0 transport error)], stompSubProtocol[processed CONNECT(0)-CONNECTED(0)-DISCONNECT(0)], stompBrokerRelay[null], inboundChannel[pool size = 0, active threads = 0, queued tasks = 0, completed tasks = 0], outboundChannel[pool size = 0, active threads = 0, queued tasks = 0, completed tasks = 0], sockJsScheduler[pool size = 1, active threads = 1, queued tasks = 0, completed tasks = 0]
2026-03-30T14:10:11.292+05:30  INFO 16740 --- [studysync-backend] [nio-8080-exec-1] o.a.c.c.C.[Tomcat].[localhost].[/]       : Initializing Spring DispatcherServlet 'dispatcherServlet'
2026-03-30T14:10:11.294+05:30  INFO 16740 --- [studysync-backend] [nio-8080-exec-1] o.s.web.servlet.DispatcherServlet        : Initializing Servlet 'dispatcherServlet'
2026-03-30T14:10:11.296+05:30  INFO 16740 --- [studysync-backend] [nio-8080-exec-1] o.s.web.servlet.DispatcherServlet        : Completed initialization in 2 ms
2026-03-30T14:10:11.588+05:30 ERROR 16740 --- [studysync-backend] [nio-8080-exec-2] o.a.c.c.C.[.[.[/].[dispatcherServlet]    : Servlet.service() for servlet [dispatcherServlet] in context with path [] threw exception

io.jsonwebtoken.ExpiredJwtException: JWT expired at 2026-02-08T17:42:07Z. Current time: 2026-03-30T08:40:11Z, a difference of 4287484574 milliseconds.  Allowed clock skew: 0 milliseconds.
	at io.jsonwebtoken.impl.DefaultJwtParser.parse(DefaultJwtParser.java:427) ~[jjwt-impl-0.11.5.jar!/:0.11.5]
	at io.jsonwebtoken.impl.DefaultJwtParser.parse(DefaultJwtParser.java:529) ~[jjwt-impl-0.11.5.jar!/:0.11.5]
	at io.jsonwebtoken.impl.DefaultJwtParser.parseClaimsJws(DefaultJwtParser.java:589) ~[jjwt-impl-0.11.5.jar!/:0.11.5]
	at io.jsonwebtoken.impl.ImmutableJwtParser.parseClaimsJws(ImmutableJwtParser.java:173) ~[jjwt-impl-0.11.5.jar!/:0.11.5]
	at com.studysync.studysyncbackend.service.JwtService.extractAllClaims(JwtService.java:93) ~[!/:0.0.1-SNAPSHOT]
	at com.studysync.studysyncbackend.service.JwtService.extractClaim(JwtService.java:37) ~[!/:0.0.1-SNAPSHOT]
	at com.studysync.studysyncbackend.service.JwtService.extractUsername(JwtService.java:32) ~[!/:0.0.1-SNAPSHOT]
	at com.studysync.studysyncbackend.config.JwtAuthenticationFilter.doFilterInternal(JwtAuthenticationFilter.java:50) ~[!/:0.0.1-SNAPSHOT]
	at org.springframework.web.filter.OncePerRequestFilter.doFilter(OncePerRequestFilter.java:116) ~[spring-web-6.2.11.jar!/:6.2.11]
	at org.springframework.security.web.ObservationFilterChainDecorator$ObservationFilter.wrapFilter(ObservationFilterChainDecorator.java:241) ~[spring-security-web-6.5.5.jar!/:6.5.5]
	at org.springframework.security.web.ObservationFilterChainDecorator$ObservationFilter.doFilter(ObservationFilterChainDecorator.java:228) ~[spring-security-web-6.5.5.jar!/:6.5.5]
	at org.springframework.security.web.ObservationFilterChainDecorator$VirtualFilterChain.doFilter(ObservationFilterChainDecorator.java:138) ~[spring-security-web-6.5.5.jar!/:6.5.5]
	at org.springframework.security.web.authentication.logout.LogoutFilter.doFilter(LogoutFilter.java:107) ~[spring-security-web-6.5.5.jar!/:6.5.5]
	at org.springframework.security.web.authentication.logout.LogoutFilter.doFilter(LogoutFilter.java:93) ~[spring-security-web-6.5.5.jar!/:6.5.5]
	at org.springframework.security.web.ObservationFilterChainDecorator$ObservationFilter.wrapFilter(ObservationFilterChainDecorator.java:241) ~[spring-security-web-6.5.5.jar!/:6.5.5]
	at org.springframework.security.web.ObservationFilterChainDecorator$ObservationFilter.doFilter(ObservationFilterChainDecorator.java:228) ~[spring-security-web-6.5.5.jar!/:6.5.5]
	at org.springframework.security.web.ObservationFilterChainDecorator$VirtualFilterChain.doFilter(ObservationFilterChainDecorator.java:138) ~[spring-security-web-6.5.5.jar!/:6.5.5]
	at org.springframework.web.filter.CorsFilter.doFilterInternal(CorsFilter.java:91) ~[spring-web-6.2.11.jar!/:6.2.11]
	at org.springframework.web.filter.OncePerRequestFilter.doFilter(OncePerRequestFilter.java:116) ~[spring-web-6.2.11.jar!/:6.2.11]
	at org.springframework.security.web.ObservationFilterChainDecorator$ObservationFilter.wrapFilter(ObservationFilterChainDecorator.java:241) ~[spring-security-web-6.5.5.jar!/:6.5.5]
	at org.springframework.security.web.ObservationFilterChainDecorator$ObservationFilter.doFilter(ObservationFilterChainDecorator.java:228) ~[spring-security-web-6.5.5.jar!/:6.5.5]
	at org.springframework.security.web.ObservationFilterChainDecorator$VirtualFilterChain.doFilter(ObservationFilterChainDecorator.java:138) ~[spring-security-web-6.5.5.jar!/:6.5.5]
	at org.springframework.security.web.header.HeaderWriterFilter.doHeadersAfter(HeaderWriterFilter.java:90) ~[spring-security-web-6.5.5.jar!/:6.5.5]
	at org.springframework.security.web.header.HeaderWriterFilter.doFilterInternal(HeaderWriterFilter.java:75) ~[spring-security-web-6.5.5.jar!/:6.5.5]
	at org.springframework.web.filter.OncePerRequestFilter.doFilter(OncePerRequestFilter.java:116) ~[spring-web-6.2.11.jar!/:6.2.11]
	at org.springframework.security.web.ObservationFilterChainDecorator$ObservationFilter.wrapFilter(ObservationFilterChainDecorator.java:241) ~[spring-security-web-6.5.5.jar!/:6.5.5]
	at org.springframework.security.web.ObservationFilterChainDecorator$ObservationFilter.doFilter(ObservationFilterChainDecorator.java:228) ~[spring-security-web-6.5.5.jar!/:6.5.5]
	at org.springframework.security.web.ObservationFilterChainDecorator$VirtualFilterChain.doFilter(ObservationFilterChainDecorator.java:138) ~[spring-security-web-6.5.5.jar!/:6.5.5]
	at org.springframework.security.web.context.SecurityContextHolderFilter.doFilter(SecurityContextHolderFilter.java:82) ~[spring-security-web-6.5.5.jar!/:6.5.5]
	at org.springframework.security.web.context.SecurityContextHolderFilter.doFilter(SecurityContextHolderFilter.java:69) ~[spring-security-web-6.5.5.jar!/:6.5.5]
	at org.springframework.security.web.ObservationFilterChainDecorator$ObservationFilter.wrapFilter(ObservationFilterChainDecorator.java:241) ~[spring-security-web-6.5.5.jar!/:6.5.5]
	at org.springframework.security.web.ObservationFilterChainDecorator$ObservationFilter.doFilter(ObservationFilterChainDecorator.java:228) ~[spring-security-web-6.5.5.jar!/:6.5.5]
	at org.springframework.security.web.ObservationFilterChainDecorator$VirtualFilterChain.doFilter(ObservationFilterChainDecorator.java:138) ~[spring-security-web-6.5.5.jar!/:6.5.5]
	at org.springframework.security.web.context.request.async.WebAsyncManagerIntegrationFilter.doFilterInternal(WebAsyncManagerIntegrationFilter.java:62) ~[spring-security-web-6.5.5.jar!/:6.5.5]
	at org.springframework.web.filter.OncePerRequestFilter.doFilter(OncePerRequestFilter.java:116) ~[spring-web-6.2.11.jar!/:6.2.11]
	at org.springframework.security.web.ObservationFilterChainDecorator$ObservationFilter.wrapFilter(ObservationFilterChainDecorator.java:241) ~[spring-security-web-6.5.5.jar!/:6.5.5]
	at org.springframework.security.web.ObservationFilterChainDecorator$ObservationFilter.doFilter(ObservationFilterChainDecorator.java:228) ~[spring-security-web-6.5.5.jar!/:6.5.5]
	at org.springframework.security.web.ObservationFilterChainDecorator$VirtualFilterChain.doFilter(ObservationFilterChainDecorator.java:138) ~[spring-security-web-6.5.5.jar!/:6.5.5]
	at org.springframework.security.web.session.DisableEncodeUrlFilter.doFilterInternal(DisableEncodeUrlFilter.java:42) ~[spring-security-web-6.5.5.jar!/:6.5.5]
	at org.springframework.web.filter.OncePerRequestFilter.doFilter(OncePerRequestFilter.java:116) ~[spring-web-6.2.11.jar!/:6.2.11]
	at org.springframework.security.web.ObservationFilterChainDecorator$ObservationFilter.wrapFilter(ObservationFilterChainDecorator.java:241) ~[spring-security-web-6.5.5.jar!/:6.5.5]
	at org.springframework.security.web.ObservationFilterChainDecorator$AroundFilterObservation$SimpleAroundFilterObservation.lambda$wrap$0(ObservationFilterChainDecorator.java:334) ~[spring-security-web-6.5.5.jar!/:6.5.5]
	at org.springframework.security.web.ObservationFilterChainDecorator$ObservationFilter.doFilter(ObservationFilterChainDecorator.java:225) ~[spring-security-web-6.5.5.jar!/:6.5.5]
	at org.springframework.security.web.ObservationFilterChainDecorator$VirtualFilterChain.doFilter(ObservationFilterChainDecorator.java:138) ~[spring-security-web-6.5.5.jar!/:6.5.5]
	at org.springframework.security.web.FilterChainProxy.doFilterInternal(FilterChainProxy.java:233) ~[spring-security-web-6.5.5.jar!/:6.5.5]
	at org.springframework.security.web.FilterChainProxy.doFilter(FilterChainProxy.java:191) ~[spring-security-web-6.5.5.jar!/:6.5.5]
	at org.springframework.web.filter.CompositeFilter$VirtualFilterChain.doFilter(CompositeFilter.java:113) ~[spring-web-6.2.11.jar!/:6.2.11]
	at org.springframework.web.filter.ServletRequestPathFilter.doFilter(ServletRequestPathFilter.java:52) ~[spring-web-6.2.11.jar!/:6.2.11]
	at org.springframework.web.filter.CompositeFilter$VirtualFilterChain.doFilter(CompositeFilter.java:113) ~[spring-web-6.2.11.jar!/:6.2.11]
	at org.springframework.web.filter.CompositeFilter.doFilter(CompositeFilter.java:74) ~[spring-web-6.2.11.jar!/:6.2.11]
	at org.springframework.security.config.annotation.web.configuration.WebSecurityConfiguration$CompositeFilterChainProxy.doFilter(WebSecurityConfiguration.java:319) ~[spring-security-config-6.5.5.jar!/:6.5.5]
	at org.springframework.web.filter.CompositeFilter$VirtualFilterChain.doFilter(CompositeFilter.java:113) ~[spring-web-6.2.11.jar!/:6.2.11]
	at org.springframework.web.servlet.handler.HandlerMappingIntrospector.lambda$createCacheFilter$4(HandlerMappingIntrospector.java:267) ~[spring-webmvc-6.2.11.jar!/:6.2.11]
	at org.springframework.web.filter.CompositeFilter$VirtualFilterChain.doFilter(CompositeFilter.java:113) ~[spring-web-6.2.11.jar!/:6.2.11]
	at org.springframework.web.filter.CompositeFilter.doFilter(CompositeFilter.java:74) ~[spring-web-6.2.11.jar!/:6.2.11]
	at org.springframework.security.config.annotation.web.configuration.WebMvcSecurityConfiguration$CompositeFilterChainProxy.doFilter(WebMvcSecurityConfiguration.java:240) ~[spring-security-config-6.5.5.jar!/:6.5.5]
	at org.springframework.web.filter.DelegatingFilterProxy.invokeDelegate(DelegatingFilterProxy.java:362) ~[spring-web-6.2.11.jar!/:6.2.11]
	at org.springframework.web.filter.DelegatingFilterProxy.doFilter(DelegatingFilterProxy.java:278) ~[spring-web-6.2.11.jar!/:6.2.11]
	at org.apache.catalina.core.ApplicationFilterChain.internalDoFilter(ApplicationFilterChain.java:164) ~[tomcat-embed-core-10.1.46.jar!/:na]
	at org.apache.catalina.core.ApplicationFilterChain.doFilter(ApplicationFilterChain.java:140) ~[tomcat-embed-core-10.1.46.jar!/:na]
	at org.springframework.web.filter.RequestContextFilter.doFilterInternal(RequestContextFilter.java:100) ~[spring-web-6.2.11.jar!/:6.2.11]
	at org.springframework.web.filter.OncePerRequestFilter.doFilter(OncePerRequestFilter.java:116) ~[spring-web-6.2.11.jar!/:6.2.11]
	at org.apache.catalina.core.ApplicationFilterChain.internalDoFilter(ApplicationFilterChain.java:164) ~[tomcat-embed-core-10.1.46.jar!/:na]
	at org.apache.catalina.core.ApplicationFilterChain.doFilter(ApplicationFilterChain.java:140) ~[tomcat-embed-core-10.1.46.jar!/:na]
	at org.springframework.web.filter.FormContentFilter.doFilterInternal(FormContentFilter.java:93) ~[spring-web-6.2.11.jar!/:6.2.11]
	at org.springframework.web.filter.OncePerRequestFilter.doFilter(OncePerRequestFilter.java:116) ~[spring-web-6.2.11.jar!/:6.2.11]
	at org.apache.catalina.core.ApplicationFilterChain.internalDoFilter(ApplicationFilterChain.java:164) ~[tomcat-embed-core-10.1.46.jar!/:na]
	at org.apache.catalina.core.ApplicationFilterChain.doFilter(ApplicationFilterChain.java:140) ~[tomcat-embed-core-10.1.46.jar!/:na]
	at org.springframework.web.filter.ServerHttpObservationFilter.doFilterInternal(ServerHttpObservationFilter.java:110) ~[spring-web-6.2.11.jar!/:6.2.11]
	at org.springframework.web.filter.OncePerRequestFilter.doFilter(OncePerRequestFilter.java:116) ~[spring-web-6.2.11.jar!/:6.2.11]
	at org.apache.catalina.core.ApplicationFilterChain.internalDoFilter(ApplicationFilterChain.java:164) ~[tomcat-embed-core-10.1.46.jar!/:na]
	at org.apache.catalina.core.ApplicationFilterChain.doFilter(ApplicationFilterChain.java:140) ~[tomcat-embed-core-10.1.46.jar!/:na]
	at org.springframework.web.filter.CharacterEncodingFilter.doFilterInternal(CharacterEncodingFilter.java:201) ~[spring-web-6.2.11.jar!/:6.2.11]
	at org.springframework.web.filter.OncePerRequestFilter.doFilter(OncePerRequestFilter.java:116) ~[spring-web-6.2.11.jar!/:6.2.11]
	at org.apache.catalina.core.ApplicationFilterChain.internalDoFilter(ApplicationFilterChain.java:164) ~[tomcat-embed-core-10.1.46.jar!/:na]
	at org.apache.catalina.core.ApplicationFilterChain.doFilter(ApplicationFilterChain.java:140) ~[tomcat-embed-core-10.1.46.jar!/:na]
	at org.apache.catalina.core.StandardWrapperValve.invoke(StandardWrapperValve.java:167) ~[tomcat-embed-core-10.1.46.jar!/:na]
	at org.apache.catalina.core.StandardContextValve.invoke(StandardContextValve.java:90) ~[tomcat-embed-core-10.1.46.jar!/:na]
	at org.apache.catalina.authenticator.AuthenticatorBase.invoke(AuthenticatorBase.java:483) ~[tomcat-embed-core-10.1.46.jar!/:na]
	at org.apache.catalina.core.StandardHostValve.invoke(StandardHostValve.java:116) ~[tomcat-embed-core-10.1.46.jar!/:na]
	at org.apache.catalina.valves.ErrorReportValve.invoke(ErrorReportValve.java:93) ~[tomcat-embed-core-10.1.46.jar!/:na]
	at org.apache.catalina.core.StandardEngineValve.invoke(StandardEngineValve.java:74) ~[tomcat-embed-core-10.1.46.jar!/:na]
	at org.apache.catalina.connector.CoyoteAdapter.service(CoyoteAdapter.java:344) ~[tomcat-embed-core-10.1.46.jar!/:na]
	at org.apache.coyote.http11.Http11Processor.service(Http11Processor.java:398) ~[tomcat-embed-core-10.1.46.jar!/:na]
	at org.apache.coyote.AbstractProcessorLight.process(AbstractProcessorLight.java:63) ~[tomcat-embed-core-10.1.46.jar!/:na]
	at org.apache.coyote.AbstractProtocol$ConnectionHandler.process(AbstractProtocol.java:903) ~[tomcat-embed-core-10.1.46.jar!/:na]
	at org.apache.tomcat.util.net.NioEndpoint$SocketProcessor.doRun(NioEndpoint.java:1776) ~[tomcat-embed-core-10.1.46.jar!/:na]
	at org.apache.tomcat.util.net.SocketProcessorBase.run(SocketProcessorBase.java:52) ~[tomcat-embed-core-10.1.46.jar!/:na]
	at org.apache.tomcat.util.threads.ThreadPoolExecutor.runWorker(ThreadPoolExecutor.java:975) ~[tomcat-embed-core-10.1.46.jar!/:na]
	at org.apache.tomcat.util.threads.ThreadPoolExecutor$Worker.run(ThreadPoolExecutor.java:493) ~[tomcat-embed-core-10.1.46.jar!/:na]
	at org.apache.tomcat.util.threads.TaskThread$WrappingRunnable.run(TaskThread.java:63) ~[tomcat-embed-core-10.1.46.jar!/:na]
	at java.base/java.lang.Thread.run(Thread.java:1474) ~[na:na]

2026-03-30T14:10:11.652+05:30 ERROR 16740 --- [studysync-backend] [nio-8080-exec-4] o.a.c.c.C.[.[.[/].[dispatcherServlet]    : Servlet.service() for servlet [dispatcherServlet] in context with path [] threw exception

io.jsonwebtoken.ExpiredJwtException: JWT expired at 2026-02-08T17:42:07Z. Current time: 2026-03-30T08:40:11Z, a difference of 4287484651 milliseconds.  Allowed clock skew: 0 milliseconds.
	at io.jsonwebtoken.impl.DefaultJwtParser.parse(DefaultJwtParser.java:427) ~[jjwt-impl-0.11.5.jar!/:0.11.5]
	at io.jsonwebtoken.impl.DefaultJwtParser.parse(DefaultJwtParser.java:529) ~[jjwt-impl-0.11.5.jar!/:0.11.5]
	at io.jsonwebtoken.impl.DefaultJwtParser.parseClaimsJws(DefaultJwtParser.java:589) ~[jjwt-impl-0.11.5.jar!/:0.11.5]
	at io.jsonwebtoken.impl.ImmutableJwtParser.parseClaimsJws(ImmutableJwtParser.java:173) ~[jjwt-impl-0.11.5.jar!/:0.11.5]
	at com.studysync.studysyncbackend.service.JwtService.extractAllClaims(JwtService.java:93) ~[!/:0.0.1-SNAPSHOT]
	at com.studysync.studysyncbackend.service.JwtService.extractClaim(JwtService.java:37) ~[!/:0.0.1-SNAPSHOT]
	at com.studysync.studysyncbackend.service.JwtService.extractUsername(JwtService.java:32) ~[!/:0.0.1-SNAPSHOT]
	at com.studysync.studysyncbackend.config.JwtAuthenticationFilter.doFilterInternal(JwtAuthenticationFilter.java:50) ~[!/:0.0.1-SNAPSHOT]
	at org.springframework.web.filter.OncePerRequestFilter.doFilter(OncePerRequestFilter.java:116) ~[spring-web-6.2.11.jar!/:6.2.11]
	at org.springframework.security.web.ObservationFilterChainDecorator$ObservationFilter.wrapFilter(ObservationFilterChainDecorator.java:241) ~[spring-security-web-6.5.5.jar!/:6.5.5]
	at org.springframework.security.web.ObservationFilterChainDecorator$ObservationFilter.doFilter(ObservationFilterChainDecorator.java:228) ~[spring-security-web-6.5.5.jar!/:6.5.5]
	at org.springframework.security.web.ObservationFilterChainDecorator$VirtualFilterChain.doFilter(ObservationFilterChainDecorator.java:138) ~[spring-security-web-6.5.5.jar!/:6.5.5]
	at org.springframework.security.web.authentication.logout.LogoutFilter.doFilter(LogoutFilter.java:107) ~[spring-security-web-6.5.5.jar!/:6.5.5]
	at org.springframework.security.web.authentication.logout.LogoutFilter.doFilter(LogoutFilter.java:93) ~[spring-security-web-6.5.5.jar!/:6.5.5]
	at org.springframework.security.web.ObservationFilterChainDecorator$ObservationFilter.wrapFilter(ObservationFilterChainDecorator.java:241) ~[spring-security-web-6.5.5.jar!/:6.5.5]
	at org.springframework.security.web.ObservationFilterChainDecorator$ObservationFilter.doFilter(ObservationFilterChainDecorator.java:228) ~[spring-security-web-6.5.5.jar!/:6.5.5]
	at org.springframework.security.web.ObservationFilterChainDecorator$VirtualFilterChain.doFilter(ObservationFilterChainDecorator.java:138) ~[spring-security-web-6.5.5.jar!/:6.5.5]
	at org.springframework.web.filter.CorsFilter.doFilterInternal(CorsFilter.java:91) ~[spring-web-6.2.11.jar!/:6.2.11]
	at org.springframework.web.filter.OncePerRequestFilter.doFilter(OncePerRequestFilter.java:116) ~[spring-web-6.2.11.jar!/:6.2.11]
	at org.springframework.security.web.ObservationFilterChainDecorator$ObservationFilter.wrapFilter(ObservationFilterChainDecorator.java:241) ~[spring-security-web-6.5.5.jar!/:6.5.5]
	at org.springframework.security.web.ObservationFilterChainDecorator$ObservationFilter.doFilter(ObservationFilterChainDecorator.java:228) ~[spring-security-web-6.5.5.jar!/:6.5.5]
	at org.springframework.security.web.ObservationFilterChainDecorator$VirtualFilterChain.doFilter(ObservationFilterChainDecorator.java:138) ~[spring-security-web-6.5.5.jar!/:6.5.5]
	at org.springframework.security.web.header.HeaderWriterFilter.doHeadersAfter(HeaderWriterFilter.java:90) ~[spring-security-web-6.5.5.jar!/:6.5.5]
	at org.springframework.security.web.header.HeaderWriterFilter.doFilterInternal(HeaderWriterFilter.java:75) ~[spring-security-web-6.5.5.jar!/:6.5.5]
	at org.springframework.web.filter.OncePerRequestFilter.doFilter(OncePerRequestFilter.java:116) ~[spring-web-6.2.11.jar!/:6.2.11]
	at org.springframework.security.web.ObservationFilterChainDecorator$ObservationFilter.wrapFilter(ObservationFilterChainDecorator.java:241) ~[spring-security-web-6.5.5.jar!/:6.5.5]
	at org.springframework.security.web.ObservationFilterChainDecorator$ObservationFilter.doFilter(ObservationFilterChainDecorator.java:228) ~[spring-security-web-6.5.5.jar!/:6.5.5]
	at org.springframework.security.web.ObservationFilterChainDecorator$VirtualFilterChain.doFilter(ObservationFilterChainDecorator.java:138) ~[spring-security-web-6.5.5.jar!/:6.5.5]
	at org.springframework.security.web.context.SecurityContextHolderFilter.doFilter(SecurityContextHolderFilter.java:82) ~[spring-security-web-6.5.5.jar!/:6.5.5]
	at org.springframework.security.web.context.SecurityContextHolderFilter.doFilter(SecurityContextHolderFilter.java:69) ~[spring-security-web-6.5.5.jar!/:6.5.5]
	at org.springframework.security.web.ObservationFilterChainDecorator$ObservationFilter.wrapFilter(ObservationFilterChainDecorator.java:241) ~[spring-security-web-6.5.5.jar!/:6.5.5]
	at org.springframework.security.web.ObservationFilterChainDecorator$ObservationFilter.doFilter(ObservationFilterChainDecorator.java:228) ~[spring-security-web-6.5.5.jar!/:6.5.5]
	at org.springframework.security.web.ObservationFilterChainDecorator$VirtualFilterChain.doFilter(ObservationFilterChainDecorator.java:138) ~[spring-security-web-6.5.5.jar!/:6.5.5]
	at org.springframework.security.web.context.request.async.WebAsyncManagerIntegrationFilter.doFilterInternal(WebAsyncManagerIntegrationFilter.java:62) ~[spring-security-web-6.5.5.jar!/:6.5.5]
	at org.springframework.web.filter.OncePerRequestFilter.doFilter(OncePerRequestFilter.java:116) ~[spring-web-6.2.11.jar!/:6.2.11]
	at org.springframework.security.web.ObservationFilterChainDecorator$ObservationFilter.wrapFilter(ObservationFilterChainDecorator.java:241) ~[spring-security-web-6.5.5.jar!/:6.5.5]
	at org.springframework.security.web.ObservationFilterChainDecorator$ObservationFilter.doFilter(ObservationFilterChainDecorator.java:228) ~[spring-security-web-6.5.5.jar!/:6.5.5]
	at org.springframework.security.web.ObservationFilterChainDecorator$VirtualFilterChain.doFilter(ObservationFilterChainDecorator.java:138) ~[spring-security-web-6.5.5.jar!/:6.5.5]
	at org.springframework.security.web.session.DisableEncodeUrlFilter.doFilterInternal(DisableEncodeUrlFilter.java:42) ~[spring-security-web-6.5.5.jar!/:6.5.5]
	at org.springframework.web.filter.OncePerRequestFilter.doFilter(OncePerRequestFilter.java:116) ~[spring-web-6.2.11.jar!/:6.2.11]
	at org.springframework.security.web.ObservationFilterChainDecorator$ObservationFilter.wrapFilter(ObservationFilterChainDecorator.java:241) ~[spring-security-web-6.5.5.jar!/:6.5.5]
	at org.springframework.security.web.ObservationFilterChainDecorator$AroundFilterObservation$SimpleAroundFilterObservation.lambda$wrap$0(ObservationFilterChainDecorator.java:334) ~[spring-security-web-6.5.5.jar!/:6.5.5]
	at org.springframework.security.web.ObservationFilterChainDecorator$ObservationFilter.doFilter(ObservationFilterChainDecorator.java:225) ~[spring-security-web-6.5.5.jar!/:6.5.5]
	at org.springframework.security.web.ObservationFilterChainDecorator$VirtualFilterChain.doFilter(ObservationFilterChainDecorator.java:138) ~[spring-security-web-6.5.5.jar!/:6.5.5]
	at org.springframework.security.web.FilterChainProxy.doFilterInternal(FilterChainProxy.java:233) ~[spring-security-web-6.5.5.jar!/:6.5.5]
	at org.springframework.security.web.FilterChainProxy.doFilter(FilterChainProxy.java:191) ~[spring-security-web-6.5.5.jar!/:6.5.5]
	at org.springframework.web.filter.CompositeFilter$VirtualFilterChain.doFilter(CompositeFilter.java:113) ~[spring-web-6.2.11.jar!/:6.2.11]
	at org.springframework.web.filter.ServletRequestPathFilter.doFilter(ServletRequestPathFilter.java:52) ~[spring-web-6.2.11.jar!/:6.2.11]
	at org.springframework.web.filter.CompositeFilter$VirtualFilterChain.doFilter(CompositeFilter.java:113) ~[spring-web-6.2.11.jar!/:6.2.11]
	at org.springframework.web.filter.CompositeFilter.doFilter(CompositeFilter.java:74) ~[spring-web-6.2.11.jar!/:6.2.11]
	at org.springframework.security.config.annotation.web.configuration.WebSecurityConfiguration$CompositeFilterChainProxy.doFilter(WebSecurityConfiguration.java:319) ~[spring-security-config-6.5.5.jar!/:6.5.5]
	at org.springframework.web.filter.CompositeFilter$VirtualFilterChain.doFilter(CompositeFilter.java:113) ~[spring-web-6.2.11.jar!/:6.2.11]
	at org.springframework.web.servlet.handler.HandlerMappingIntrospector.lambda$createCacheFilter$4(HandlerMappingIntrospector.java:267) ~[spring-webmvc-6.2.11.jar!/:6.2.11]
	at org.springframework.web.filter.CompositeFilter$VirtualFilterChain.doFilter(CompositeFilter.java:113) ~[spring-web-6.2.11.jar!/:6.2.11]
	at org.springframework.web.filter.CompositeFilter.doFilter(CompositeFilter.java:74) ~[spring-web-6.2.11.jar!/:6.2.11]
	at org.springframework.security.config.annotation.web.configuration.WebMvcSecurityConfiguration$CompositeFilterChainProxy.doFilter(WebMvcSecurityConfiguration.java:240) ~[spring-security-config-6.5.5.jar!/:6.5.5]
	at org.springframework.web.filter.DelegatingFilterProxy.invokeDelegate(DelegatingFilterProxy.java:362) ~[spring-web-6.2.11.jar!/:6.2.11]
	at org.springframework.web.filter.DelegatingFilterProxy.doFilter(DelegatingFilterProxy.java:278) ~[spring-web-6.2.11.jar!/:6.2.11]
	at org.apache.catalina.core.ApplicationFilterChain.internalDoFilter(ApplicationFilterChain.java:164) ~[tomcat-embed-core-10.1.46.jar!/:na]
	at org.apache.catalina.core.ApplicationFilterChain.doFilter(ApplicationFilterChain.java:140) ~[tomcat-embed-core-10.1.46.jar!/:na]
	at org.springframework.web.filter.RequestContextFilter.doFilterInternal(RequestContextFilter.java:100) ~[spring-web-6.2.11.jar!/:6.2.11]
	at org.springframework.web.filter.OncePerRequestFilter.doFilter(OncePerRequestFilter.java:116) ~[spring-web-6.2.11.jar!/:6.2.11]
	at org.apache.catalina.core.ApplicationFilterChain.internalDoFilter(ApplicationFilterChain.java:164) ~[tomcat-embed-core-10.1.46.jar!/:na]
	at org.apache.catalina.core.ApplicationFilterChain.doFilter(ApplicationFilterChain.java:140) ~[tomcat-embed-core-10.1.46.jar!/:na]
	at org.springframework.web.filter.FormContentFilter.doFilterInternal(FormContentFilter.java:93) ~[spring-web-6.2.11.jar!/:6.2.11]
	at org.springframework.web.filter.OncePerRequestFilter.doFilter(OncePerRequestFilter.java:116) ~[spring-web-6.2.11.jar!/:6.2.11]
	at org.apache.catalina.core.ApplicationFilterChain.internalDoFilter(ApplicationFilterChain.java:164) ~[tomcat-embed-core-10.1.46.jar!/:na]
	at org.apache.catalina.core.ApplicationFilterChain.doFilter(ApplicationFilterChain.java:140) ~[tomcat-embed-core-10.1.46.jar!/:na]
	at org.springframework.web.filter.ServerHttpObservationFilter.doFilterInternal(ServerHttpObservationFilter.java:110) ~[spring-web-6.2.11.jar!/:6.2.11]
	at org.springframework.web.filter.OncePerRequestFilter.doFilter(OncePerRequestFilter.java:116) ~[spring-web-6.2.11.jar!/:6.2.11]
	at org.apache.catalina.core.ApplicationFilterChain.internalDoFilter(ApplicationFilterChain.java:164) ~[tomcat-embed-core-10.1.46.jar!/:na]
	at org.apache.catalina.core.ApplicationFilterChain.doFilter(ApplicationFilterChain.java:140) ~[tomcat-embed-core-10.1.46.jar!/:na]
	at org.springframework.web.filter.CharacterEncodingFilter.doFilterInternal(CharacterEncodingFilter.java:201) ~[spring-web-6.2.11.jar!/:6.2.11]
	at org.springframework.web.filter.OncePerRequestFilter.doFilter(OncePerRequestFilter.java:116) ~[spring-web-6.2.11.jar!/:6.2.11]
	at org.apache.catalina.core.ApplicationFilterChain.internalDoFilter(ApplicationFilterChain.java:164) ~[tomcat-embed-core-10.1.46.jar!/:na]
	at org.apache.catalina.core.ApplicationFilterChain.doFilter(ApplicationFilterChain.java:140) ~[tomcat-embed-core-10.1.46.jar!/:na]
	at org.apache.catalina.core.StandardWrapperValve.invoke(StandardWrapperValve.java:167) ~[tomcat-embed-core-10.1.46.jar!/:na]
	at org.apache.catalina.core.StandardContextValve.invoke(StandardContextValve.java:90) ~[tomcat-embed-core-10.1.46.jar!/:na]
	at org.apache.catalina.authenticator.AuthenticatorBase.invoke(AuthenticatorBase.java:483) ~[tomcat-embed-core-10.1.46.jar!/:na]
	at org.apache.catalina.core.StandardHostValve.invoke(StandardHostValve.java:116) ~[tomcat-embed-core-10.1.46.jar!/:na]
	at org.apache.catalina.valves.ErrorReportValve.invoke(ErrorReportValve.java:93) ~[tomcat-embed-core-10.1.46.jar!/:na]
	at org.apache.catalina.core.StandardEngineValve.invoke(StandardEngineValve.java:74) ~[tomcat-embed-core-10.1.46.jar!/:na]
	at org.apache.catalina.connector.CoyoteAdapter.service(CoyoteAdapter.java:344) ~[tomcat-embed-core-10.1.46.jar!/:na]
	at org.apache.coyote.http11.Http11Processor.service(Http11Processor.java:398) ~[tomcat-embed-core-10.1.46.jar!/:na]
	at org.apache.coyote.AbstractProcessorLight.process(AbstractProcessorLight.java:63) ~[tomcat-embed-core-10.1.46.jar!/:na]
	at org.apache.coyote.AbstractProtocol$ConnectionHandler.process(AbstractProtocol.java:903) ~[tomcat-embed-core-10.1.46.jar!/:na]
	at org.apache.tomcat.util.net.NioEndpoint$SocketProcessor.doRun(NioEndpoint.java:1776) ~[tomcat-embed-core-10.1.46.jar!/:na]
	at org.apache.tomcat.util.net.SocketProcessorBase.run(SocketProcessorBase.java:52) ~[tomcat-embed-core-10.1.46.jar!/:na]
	at org.apache.tomcat.util.threads.ThreadPoolExecutor.runWorker(ThreadPoolExecutor.java:975) ~[tomcat-embed-core-10.1.46.jar!/:na]
	at org.apache.tomcat.util.threads.ThreadPoolExecutor$Worker.run(ThreadPoolExecutor.java:493) ~[tomcat-embed-core-10.1.46.jar!/:na]
	at org.apache.tomcat.util.threads.TaskThread$WrappingRunnable.run(TaskThread.java:63) ~[tomcat-embed-core-10.1.46.jar!/:na]
	at java.base/java.lang.Thread.run(Thread.java:1474) ~[na:na]

Hibernate: select u1_0.id,u1_0.avatar_url,u1_0.bio,u1_0.current_streak,u1_0.email,u1_0.first_name,u1_0.is_banned,u1_0.last_login_date,u1_0.last_name,u1_0.password,u1_0.points,u1_0.profession,u1_0.role from users u1_0 where u1_0.email=?
Hibernate: select u1_0.id,u1_0.avatar_url,u1_0.bio,u1_0.current_streak,u1_0.email,u1_0.first_name,u1_0.is_banned,u1_0.last_login_date,u1_0.last_name,u1_0.password,u1_0.points,u1_0.profession,u1_0.role from users u1_0 where u1_0.email=?
Hibernate: select ua1_0.id,ua1_0.activity_date,ua1_0.count,ua1_0.user_id from user_activities ua1_0 left join users u1_0 on u1_0.id=ua1_0.user_id where u1_0.id=? and ua1_0.activity_date=?
Hibernate: insert into user_activities (activity_date,count,user_id,id) values (?,?,?,default)
Hibernate: update users set avatar_url=?,bio=?,current_streak=?,email=?,first_name=?,is_banned=?,last_login_date=?,last_name=?,password=?,points=?,profession=?,role=? where id=?
Hibernate: select rt1_0.id,rt1_0.device_info,rt1_0.expiry_date,rt1_0.ip_address,rt1_0.is_revoked,rt1_0.token,rt1_0.user_id from refresh_token rt1_0 where rt1_0.user_id=?
Hibernate: select rt1_0.id,rt1_0.device_info,rt1_0.expiry_date,rt1_0.ip_address,rt1_0.is_revoked,rt1_0.token,rt1_0.user_id from refresh_token rt1_0 where rt1_0.user_id=?
Hibernate: insert into refresh_token (device_info,expiry_date,ip_address,is_revoked,token,user_id,id) values (?,?,?,?,?,?,default)
Hibernate: select u1_0.id,u1_0.avatar_url,u1_0.bio,u1_0.current_streak,u1_0.email,u1_0.first_name,u1_0.is_banned,u1_0.last_login_date,u1_0.last_name,u1_0.password,u1_0.points,u1_0.profession,u1_0.role from users u1_0 where u1_0.email=?
Hibernate: select u1_0.id,u1_0.avatar_url,u1_0.bio,u1_0.current_streak,u1_0.email,u1_0.first_name,u1_0.is_banned,u1_0.last_login_date,u1_0.last_name,u1_0.password,u1_0.points,u1_0.profession,u1_0.role from users u1_0 where u1_0.email=?
Hibernate: select u1_0.id,u1_0.avatar_url,u1_0.bio,u1_0.current_streak,u1_0.email,u1_0.first_name,u1_0.is_banned,u1_0.last_login_date,u1_0.last_name,u1_0.password,u1_0.points,u1_0.profession,u1_0.role from users u1_0 where u1_0.email=?
Hibernate: select u1_0.id,u1_0.avatar_url,u1_0.bio,u1_0.current_streak,u1_0.email,u1_0.first_name,u1_0.is_banned,u1_0.last_login_date,u1_0.last_name,u1_0.password,u1_0.points,u1_0.profession,u1_0.role from users u1_0 where u1_0.email=?
Hibernate: select u1_0.id,u1_0.avatar_url,u1_0.bio,u1_0.current_streak,u1_0.email,u1_0.first_name,u1_0.is_banned,u1_0.last_login_date,u1_0.last_name,u1_0.password,u1_0.points,u1_0.profession,u1_0.role from users u1_0 where u1_0.email=?
Hibernate: select ss1_0.id,ss1_0.allow_registrations,ss1_0.config_key,ss1_0.global_announcement,ss1_0.maintenance_mode from system_settings ss1_0 where ss1_0.config_key=?
Hibernate: select eb1_0.id,eb1_0.badge_id,eb1_0.earned_at,eb1_0.user_id from earned_badges eb1_0 left join users u1_0 on u1_0.id=eb1_0.user_id where u1_0.id=? order by eb1_0.earned_at desc
Hibernate: select e1_0.id,e1_0.completed_at,e1_0.course_id,e1_0.enrolled_at,e1_0.last_accessed,e1_0.progress,e1_0.user_id from enrollments e1_0 left join users u1_0 on u1_0.id=e1_0.user_id where u1_0.id=?
Hibernate: select e1_0.id,e1_0.completed_at,e1_0.course_id,e1_0.enrolled_at,e1_0.last_accessed,e1_0.progress,e1_0.user_id from enrollments e1_0 left join users u1_0 on u1_0.id=e1_0.user_id where u1_0.id=?
Hibernate: select wi1_0.id,wi1_0.added_at,wi1_0.course_id,wi1_0.user_id from wishlist_items wi1_0 left join users u1_0 on u1_0.id=wi1_0.user_id where u1_0.id=? order by wi1_0.added_at desc
Hibernate: insert into system_settings (allow_registrations,config_key,global_announcement,maintenance_mode,id) values (?,?,?,?,default)
Hibernate: select u1_0.id,u1_0.avatar_url,u1_0.bio,u1_0.current_streak,u1_0.email,u1_0.first_name,u1_0.is_banned,u1_0.last_login_date,u1_0.last_name,u1_0.password,u1_0.points,u1_0.profession,u1_0.role from users u1_0 where u1_0.email=?
Hibernate: select c1_0.id,c1_0.approval_status,c1_0.average_rating,c1_0.category,c1_0.description,c1_0.is_published,c1_0.level,c1_0.price,c1_0.thumbnail,c1_0.title,c1_0.tutor_id,c1_0.view_count from courses c1_0 where c1_0.is_published and c1_0.approval_status=? order by c1_0.view_count desc fetch first ? rows only
Hibernate: select u1_0.id,u1_0.avatar_url,u1_0.bio,u1_0.current_streak,u1_0.email,u1_0.first_name,u1_0.is_banned,u1_0.last_login_date,u1_0.last_name,u1_0.password,u1_0.points,u1_0.profession,u1_0.role from users u1_0 where u1_0.email=?
Hibernate: select u1_0.id,u1_0.avatar_url,u1_0.bio,u1_0.current_streak,u1_0.email,u1_0.first_name,u1_0.is_banned,u1_0.last_login_date,u1_0.last_name,u1_0.password,u1_0.points,u1_0.profession,u1_0.role from users u1_0 where u1_0.email=?
Hibernate: select eb1_0.id,eb1_0.badge_id,eb1_0.earned_at,eb1_0.user_id from earned_badges eb1_0 left join users u1_0 on u1_0.id=eb1_0.user_id where u1_0.id=? order by eb1_0.earned_at desc
Hibernate: select wi1_0.id,wi1_0.added_at,wi1_0.course_id,wi1_0.user_id from wishlist_items wi1_0 left join users u1_0 on u1_0.id=wi1_0.user_id where u1_0.id=? order by wi1_0.added_at desc
Hibernate: select u1_0.id,u1_0.avatar_url,u1_0.bio,u1_0.current_streak,u1_0.email,u1_0.first_name,u1_0.is_banned,u1_0.last_login_date,u1_0.last_name,u1_0.password,u1_0.points,u1_0.profession,u1_0.role from users u1_0 where u1_0.email=?
Hibernate: select ss1_0.id,ss1_0.allow_registrations,ss1_0.config_key,ss1_0.global_announcement,ss1_0.maintenance_mode from system_settings ss1_0 where ss1_0.config_key=?
Hibernate: select c1_0.id,c1_0.approval_status,c1_0.average_rating,c1_0.category,c1_0.description,c1_0.is_published,c1_0.level,c1_0.price,c1_0.thumbnail,c1_0.title,c1_0.tutor_id,c1_0.view_count from courses c1_0 where c1_0.is_published and c1_0.approval_status=? order by c1_0.average_rating desc fetch first ? rows only
Hibernate: select u1_0.id,u1_0.avatar_url,u1_0.bio,u1_0.current_streak,u1_0.email,u1_0.first_name,u1_0.is_banned,u1_0.last_login_date,u1_0.last_name,u1_0.password,u1_0.points,u1_0.profession,u1_0.role from users u1_0 where u1_0.id=?
Hibernate: select u1_0.id,u1_0.avatar_url,u1_0.bio,u1_0.current_streak,u1_0.email,u1_0.first_name,u1_0.is_banned,u1_0.last_login_date,u1_0.last_name,u1_0.password,u1_0.points,u1_0.profession,u1_0.role from users u1_0 where u1_0.email=?
Hibernate: select u1_0.id,u1_0.avatar_url,u1_0.bio,u1_0.current_streak,u1_0.email,u1_0.first_name,u1_0.is_banned,u1_0.last_login_date,u1_0.last_name,u1_0.password,u1_0.points,u1_0.profession,u1_0.role from users u1_0 where u1_0.email=?
Hibernate: select mp1_0.id,mp1_0.completed,mp1_0.last_accessed,mp1_0.last_position,mp1_0.module_id,mp1_0.percentage,mp1_0.user_id from module_progress mp1_0 left join users u1_0 on u1_0.id=mp1_0.user_id left join modules m1_0 on m1_0.id=mp1_0.module_id left join courses c1_0 on c1_0.id=m1_0.course_id where u1_0.id=? and c1_0.id=?
Hibernate: select m1_0.course_id,m1_0.id,m1_0.content,m1_0.notes_url,q1_0.id,q1_0.module_id,q1_0.title,m1_0.title,m1_0.video_url from modules m1_0 left join quizzes q1_0 on m1_0.id=q1_0.module_id where m1_0.course_id=?
Hibernate: select wi1_0.id,wi1_0.added_at,wi1_0.course_id,wi1_0.user_id from wishlist_items wi1_0 left join users u1_0 on u1_0.id=wi1_0.user_id where u1_0.id=? order by wi1_0.added_at desc
Hibernate: select u1_0.id,u1_0.avatar_url,u1_0.bio,u1_0.current_streak,u1_0.email,u1_0.first_name,u1_0.is_banned,u1_0.last_login_date,u1_0.last_name,u1_0.password,u1_0.points,u1_0.profession,u1_0.role from users u1_0 where u1_0.email=?
Hibernate: select u1_0.id,u1_0.avatar_url,u1_0.bio,u1_0.current_streak,u1_0.email,u1_0.first_name,u1_0.is_banned,u1_0.last_login_date,u1_0.last_name,u1_0.password,u1_0.points,u1_0.profession,u1_0.role from users u1_0 where u1_0.email=?
Hibernate: select wi1_0.id,wi1_0.added_at,wi1_0.course_id,wi1_0.user_id from wishlist_items wi1_0 left join users u1_0 on u1_0.id=wi1_0.user_id where u1_0.id=? order by wi1_0.added_at desc
Hibernate: select u1_0.id,u1_0.avatar_url,u1_0.bio,u1_0.current_streak,u1_0.email,u1_0.first_name,u1_0.is_banned,u1_0.last_login_date,u1_0.last_name,u1_0.password,u1_0.points,u1_0.profession,u1_0.role from users u1_0 where u1_0.email=?
Hibernate: select u1_0.id,u1_0.avatar_url,u1_0.bio,u1_0.current_streak,u1_0.email,u1_0.first_name,u1_0.is_banned,u1_0.last_login_date,u1_0.last_name,u1_0.password,u1_0.points,u1_0.profession,u1_0.role from users u1_0 where u1_0.email=?
Hibernate: select wi1_0.id,wi1_0.added_at,wi1_0.course_id,wi1_0.user_id from wishlist_items wi1_0 left join users u1_0 on u1_0.id=wi1_0.user_id where u1_0.id=? order by wi1_0.added_at desc
Hibernate: select u1_0.id,u1_0.avatar_url,u1_0.bio,u1_0.current_streak,u1_0.email,u1_0.first_name,u1_0.is_banned,u1_0.last_login_date,u1_0.last_name,u1_0.password,u1_0.points,u1_0.profession,u1_0.role from users u1_0 where u1_0.email=?
Hibernate: select u1_0.id,u1_0.avatar_url,u1_0.bio,u1_0.current_streak,u1_0.email,u1_0.first_name,u1_0.is_banned,u1_0.last_login_date,u1_0.last_name,u1_0.password,u1_0.points,u1_0.profession,u1_0.role from users u1_0 where u1_0.email=?
Hibernate: select e1_0.id,e1_0.completed_at,e1_0.course_id,e1_0.enrolled_at,e1_0.last_accessed,e1_0.progress,e1_0.user_id from enrollments e1_0 left join users u1_0 on u1_0.id=e1_0.user_id where u1_0.id=?
Hibernate: select wi1_0.id,wi1_0.added_at,wi1_0.course_id,wi1_0.user_id from wishlist_items wi1_0 left join users u1_0 on u1_0.id=wi1_0.user_id where u1_0.id=? order by wi1_0.added_at desc
Hibernate: select c1_0.id,c1_0.approval_status,c1_0.average_rating,c1_0.category,c1_0.description,c1_0.is_published,c1_0.level,c1_0.price,c1_0.thumbnail,c1_0.title,c1_0.tutor_id,c1_0.view_count from courses c1_0 where c1_0.is_published and c1_0.approval_status=? order by c1_0.view_count desc fetch first ? rows only
Hibernate: select c1_0.id,c1_0.approval_status,c1_0.average_rating,c1_0.category,c1_0.description,c1_0.is_published,c1_0.level,c1_0.price,c1_0.thumbnail,c1_0.title,c1_0.tutor_id,c1_0.view_count from courses c1_0 where c1_0.is_published and c1_0.approval_status=? order by c1_0.average_rating desc fetch first ? rows only
Hibernate: select u1_0.id,u1_0.avatar_url,u1_0.bio,u1_0.current_streak,u1_0.email,u1_0.first_name,u1_0.is_banned,u1_0.last_login_date,u1_0.last_name,u1_0.password,u1_0.points,u1_0.profession,u1_0.role from users u1_0 where u1_0.id=?
Hibernate: select mp1_0.id,mp1_0.completed,mp1_0.last_accessed,mp1_0.last_position,mp1_0.module_id,mp1_0.percentage,mp1_0.user_id from module_progress mp1_0 left join users u1_0 on u1_0.id=mp1_0.user_id left join modules m1_0 on m1_0.id=mp1_0.module_id left join courses c1_0 on c1_0.id=m1_0.course_id where u1_0.id=? and c1_0.id=?
Hibernate: select m1_0.course_id,m1_0.id,m1_0.content,m1_0.notes_url,q1_0.id,q1_0.module_id,q1_0.title,m1_0.title,m1_0.video_url from modules m1_0 left join quizzes q1_0 on m1_0.id=q1_0.module_id where m1_0.course_id=?
Hibernate: select u1_0.id,u1_0.avatar_url,u1_0.bio,u1_0.current_streak,u1_0.email,u1_0.first_name,u1_0.is_banned,u1_0.last_login_date,u1_0.last_name,u1_0.password,u1_0.points,u1_0.profession,u1_0.role from users u1_0 where u1_0.email=?
Hibernate: select c1_0.id,c1_0.approval_status,c1_0.average_rating,c1_0.category,c1_0.description,c1_0.is_published,c1_0.level,c1_0.price,c1_0.thumbnail,c1_0.title,c1_0.tutor_id,c1_0.view_count from courses c1_0 where coalesce(c1_0.is_published,?) and c1_0.approval_status=? order by c1_0.id desc offset ? rows fetch first ? rows only
Hibernate: select u1_0.id,u1_0.avatar_url,u1_0.bio,u1_0.current_streak,u1_0.email,u1_0.first_name,u1_0.is_banned,u1_0.last_login_date,u1_0.last_name,u1_0.password,u1_0.points,u1_0.profession,u1_0.role from users u1_0 where u1_0.id=?
Hibernate: select mp1_0.id,mp1_0.completed,mp1_0.last_accessed,mp1_0.last_position,mp1_0.module_id,mp1_0.percentage,mp1_0.user_id from module_progress mp1_0 left join users u1_0 on u1_0.id=mp1_0.user_id left join modules m1_0 on m1_0.id=mp1_0.module_id left join courses c1_0 on c1_0.id=m1_0.course_id where u1_0.id=? and c1_0.id=?
Hibernate: select m1_0.course_id,m1_0.id,m1_0.content,m1_0.notes_url,q1_0.id,q1_0.module_id,q1_0.title,m1_0.title,m1_0.video_url from modules m1_0 left join quizzes q1_0 on m1_0.id=q1_0.module_id where m1_0.course_id=?
2026-03-30T14:10:57.558+05:30  WARN 16740 --- [studysync-backend] [nio-8080-exec-6] ration$PageModule$WarningLoggingModifier : Serializing PageImpl instances as-is is not supported, meaning that there is no guarantee about the stability of the resulting JSON structure!
	For a stable JSON structure, please use Spring Data's PagedModel (globally via @EnableSpringDataWebSupport(pageSerializationMode = VIA_DTO))
	or Spring HATEOAS and Spring Data's PagedResourcesAssembler as documented in https://docs.spring.io/spring-data/commons/reference/repositories/core-extensions.html#core.web.pageables.

Hibernate: select u1_0.id,u1_0.avatar_url,u1_0.bio,u1_0.current_streak,u1_0.email,u1_0.first_name,u1_0.is_banned,u1_0.last_login_date,u1_0.last_name,u1_0.password,u1_0.points,u1_0.profession,u1_0.role from users u1_0 where u1_0.email=?
Hibernate: select u1_0.id,u1_0.avatar_url,u1_0.bio,u1_0.current_streak,u1_0.email,u1_0.first_name,u1_0.is_banned,u1_0.last_login_date,u1_0.last_name,u1_0.password,u1_0.points,u1_0.profession,u1_0.role from users u1_0 order by u1_0.points desc fetch first ? rows only
Hibernate: select count(eb1_0.id) from earned_badges eb1_0 left join users u1_0 on u1_0.id=eb1_0.user_id where u1_0.id=?
Hibernate: select count(eb1_0.id) from earned_badges eb1_0 left join users u1_0 on u1_0.id=eb1_0.user_id where u1_0.id=?
Hibernate: select count(eb1_0.id) from earned_badges eb1_0 left join users u1_0 on u1_0.id=eb1_0.user_id where u1_0.id=?
Hibernate: select u1_0.id,u1_0.avatar_url,u1_0.bio,u1_0.current_streak,u1_0.email,u1_0.first_name,u1_0.is_banned,u1_0.last_login_date,u1_0.last_name,u1_0.password,u1_0.points,u1_0.profession,u1_0.role from users u1_0 where u1_0.email=?
Hibernate: select u1_0.id,u1_0.avatar_url,u1_0.bio,u1_0.current_streak,u1_0.email,u1_0.first_name,u1_0.is_banned,u1_0.last_login_date,u1_0.last_name,u1_0.password,u1_0.points,u1_0.profession,u1_0.role from users u1_0 where u1_0.email=?
Hibernate: select u1_0.id,u1_0.avatar_url,u1_0.bio,u1_0.current_streak,u1_0.email,u1_0.first_name,u1_0.is_banned,u1_0.last_login_date,u1_0.last_name,u1_0.password,u1_0.points,u1_0.profession,u1_0.role from users u1_0 order by u1_0.points desc fetch first ? rows only
Hibernate: select count(eb1_0.id) from earned_badges eb1_0 left join users u1_0 on u1_0.id=eb1_0.user_id where u1_0.id=?
Hibernate: select count(eb1_0.id) from earned_badges eb1_0 left join users u1_0 on u1_0.id=eb1_0.user_id where u1_0.id=?
Hibernate: select count(eb1_0.id) from earned_badges eb1_0 left join users u1_0 on u1_0.id=eb1_0.user_id where u1_0.id=?
Hibernate: select eb1_0.id,eb1_0.badge_id,eb1_0.earned_at,eb1_0.user_id from earned_badges eb1_0 left join users u1_0 on u1_0.id=eb1_0.user_id where u1_0.id=? order by eb1_0.earned_at desc
Hibernate: select u1_0.id,u1_0.avatar_url,u1_0.bio,u1_0.current_streak,u1_0.email,u1_0.first_name,u1_0.is_banned,u1_0.last_login_date,u1_0.last_name,u1_0.password,u1_0.points,u1_0.profession,u1_0.role from users u1_0 where u1_0.email=?
Hibernate: select eb1_0.id,eb1_0.badge_id,eb1_0.earned_at,eb1_0.user_id from earned_badges eb1_0 left join users u1_0 on u1_0.id=eb1_0.user_id where u1_0.id=? order by eb1_0.earned_at desc
Hibernate: select u1_0.id,u1_0.avatar_url,u1_0.bio,u1_0.current_streak,u1_0.email,u1_0.first_name,u1_0.is_banned,u1_0.last_login_date,u1_0.last_name,u1_0.password,u1_0.points,u1_0.profession,u1_0.role from users u1_0 where u1_0.email=?
Hibernate: select u1_0.id,u1_0.avatar_url,u1_0.bio,u1_0.current_streak,u1_0.email,u1_0.first_name,u1_0.is_banned,u1_0.last_login_date,u1_0.last_name,u1_0.password,u1_0.points,u1_0.profession,u1_0.role from users u1_0 where u1_0.email=?
Hibernate: select eb1_0.id,eb1_0.badge_id,eb1_0.earned_at,eb1_0.user_id from earned_badges eb1_0 left join users u1_0 on u1_0.id=eb1_0.user_id where u1_0.id=? order by eb1_0.earned_at desc
Hibernate: select u1_0.id,u1_0.avatar_url,u1_0.bio,u1_0.current_streak,u1_0.email,u1_0.first_name,u1_0.is_banned,u1_0.last_login_date,u1_0.last_name,u1_0.password,u1_0.points,u1_0.profession,u1_0.role from users u1_0 where u1_0.email=?
Hibernate: select u1_0.id,u1_0.avatar_url,u1_0.bio,u1_0.current_streak,u1_0.email,u1_0.first_name,u1_0.is_banned,u1_0.last_login_date,u1_0.last_name,u1_0.password,u1_0.points,u1_0.profession,u1_0.role from users u1_0 where u1_0.email=?
Hibernate: select wi1_0.id,wi1_0.added_at,wi1_0.course_id,wi1_0.user_id from wishlist_items wi1_0 left join users u1_0 on u1_0.id=wi1_0.user_id where u1_0.id=? order by wi1_0.added_at desc
Hibernate: select u1_0.id,u1_0.avatar_url,u1_0.bio,u1_0.current_streak,u1_0.email,u1_0.first_name,u1_0.is_banned,u1_0.last_login_date,u1_0.last_name,u1_0.password,u1_0.points,u1_0.profession,u1_0.role from users u1_0 where u1_0.email=?
Hibernate: select e1_0.id,e1_0.completed_at,e1_0.course_id,e1_0.enrolled_at,e1_0.last_accessed,e1_0.progress,e1_0.user_id from enrollments e1_0 left join users u1_0 on u1_0.id=e1_0.user_id where u1_0.id=?
Hibernate: select e1_0.id,e1_0.completed_at,e1_0.course_id,e1_0.enrolled_at,e1_0.last_accessed,e1_0.progress,e1_0.user_id from enrollments e1_0 left join users u1_0 on u1_0.id=e1_0.user_id where u1_0.id=?
Hibernate: select c1_0.id,c1_0.approval_status,c1_0.average_rating,c1_0.category,c1_0.description,c1_0.is_published,c1_0.level,c1_0.price,c1_0.thumbnail,c1_0.title,c1_0.tutor_id,c1_0.view_count from courses c1_0 where c1_0.is_published and c1_0.approval_status=? order by c1_0.view_count desc fetch first ? rows only
Hibernate: select u1_0.id,u1_0.avatar_url,u1_0.bio,u1_0.current_streak,u1_0.email,u1_0.first_name,u1_0.is_banned,u1_0.last_login_date,u1_0.last_name,u1_0.password,u1_0.points,u1_0.profession,u1_0.role from users u1_0 where u1_0.email=?
Hibernate: select eb1_0.id,eb1_0.badge_id,eb1_0.earned_at,eb1_0.user_id from earned_badges eb1_0 left join users u1_0 on u1_0.id=eb1_0.user_id where u1_0.id=? order by eb1_0.earned_at desc
Hibernate: select c1_0.id,c1_0.approval_status,c1_0.average_rating,c1_0.category,c1_0.description,c1_0.is_published,c1_0.level,c1_0.price,c1_0.thumbnail,c1_0.title,c1_0.tutor_id,c1_0.view_count from courses c1_0 where c1_0.is_published and c1_0.approval_status=? order by c1_0.average_rating desc fetch first ? rows only
Hibernate: select u1_0.id,u1_0.avatar_url,u1_0.bio,u1_0.current_streak,u1_0.email,u1_0.first_name,u1_0.is_banned,u1_0.last_login_date,u1_0.last_name,u1_0.password,u1_0.points,u1_0.profession,u1_0.role from users u1_0 where u1_0.id=?
Hibernate: select mp1_0.id,mp1_0.completed,mp1_0.last_accessed,mp1_0.last_position,mp1_0.module_id,mp1_0.percentage,mp1_0.user_id from module_progress mp1_0 left join users u1_0 on u1_0.id=mp1_0.user_id left join modules m1_0 on m1_0.id=mp1_0.module_id left join courses c1_0 on c1_0.id=m1_0.course_id where u1_0.id=? and c1_0.id=?
Hibernate: select m1_0.course_id,m1_0.id,m1_0.content,m1_0.notes_url,q1_0.id,q1_0.module_id,q1_0.title,m1_0.title,m1_0.video_url from modules m1_0 left join quizzes q1_0 on m1_0.id=q1_0.module_id where m1_0.course_id=?
Hibernate: select wi1_0.id,wi1_0.added_at,wi1_0.course_id,wi1_0.user_id from wishlist_items wi1_0 left join users u1_0 on u1_0.id=wi1_0.user_id where u1_0.id=? order by wi1_0.added_at desc
Hibernate: select u1_0.id,u1_0.avatar_url,u1_0.bio,u1_0.current_streak,u1_0.email,u1_0.first_name,u1_0.is_banned,u1_0.last_login_date,u1_0.last_name,u1_0.password,u1_0.points,u1_0.profession,u1_0.role from users u1_0 where u1_0.email=?
Hibernate: select wi1_0.id,wi1_0.added_at,wi1_0.course_id,wi1_0.user_id from wishlist_items wi1_0 left join users u1_0 on u1_0.id=wi1_0.user_id where u1_0.id=? order by wi1_0.added_at desc
Hibernate: select u1_0.id,u1_0.avatar_url,u1_0.bio,u1_0.current_streak,u1_0.email,u1_0.first_name,u1_0.is_banned,u1_0.last_login_date,u1_0.last_name,u1_0.password,u1_0.points,u1_0.profession,u1_0.role from users u1_0 where u1_0.email=?
Hibernate: select wi1_0.id,wi1_0.added_at,wi1_0.course_id,wi1_0.user_id from wishlist_items wi1_0 left join users u1_0 on u1_0.id=wi1_0.user_id where u1_0.id=? order by wi1_0.added_at desc
Hibernate: select u1_0.id,u1_0.avatar_url,u1_0.bio,u1_0.current_streak,u1_0.email,u1_0.first_name,u1_0.is_banned,u1_0.last_login_date,u1_0.last_name,u1_0.password,u1_0.points,u1_0.profession,u1_0.role from users u1_0 where u1_0.email=?
Hibernate: select wi1_0.id,wi1_0.added_at,wi1_0.course_id,wi1_0.user_id from wishlist_items wi1_0 left join users u1_0 on u1_0.id=wi1_0.user_id where u1_0.id=? order by wi1_0.added_at desc
Hibernate: select u1_0.id,u1_0.avatar_url,u1_0.bio,u1_0.current_streak,u1_0.email,u1_0.first_name,u1_0.is_banned,u1_0.last_login_date,u1_0.last_name,u1_0.password,u1_0.points,u1_0.profession,u1_0.role from users u1_0 where u1_0.email=?
Hibernate: select u1_0.id,u1_0.avatar_url,u1_0.bio,u1_0.current_streak,u1_0.email,u1_0.first_name,u1_0.is_banned,u1_0.last_login_date,u1_0.last_name,u1_0.password,u1_0.points,u1_0.profession,u1_0.role from users u1_0 where u1_0.email=?
Hibernate: select ua1_0.id,ua1_0.activity_date,ua1_0.count,ua1_0.user_id from user_activities ua1_0 left join users u1_0 on u1_0.id=ua1_0.user_id where u1_0.id=? and ua1_0.activity_date=?
Hibernate: insert into user_activities (activity_date,count,user_id,id) values (?,?,?,default)
Hibernate: update users set avatar_url=?,bio=?,current_streak=?,email=?,first_name=?,is_banned=?,last_login_date=?,last_name=?,password=?,points=?,profession=?,role=? where id=?
Hibernate: select rt1_0.id,rt1_0.device_info,rt1_0.expiry_date,rt1_0.ip_address,rt1_0.is_revoked,rt1_0.token,rt1_0.user_id from refresh_token rt1_0 where rt1_0.user_id=?
Hibernate: select rt1_0.id,rt1_0.device_info,rt1_0.expiry_date,rt1_0.ip_address,rt1_0.is_revoked,rt1_0.token,rt1_0.user_id from refresh_token rt1_0 where rt1_0.user_id=?
Hibernate: insert into refresh_token (device_info,expiry_date,ip_address,is_revoked,token,user_id,id) values (?,?,?,?,?,?,default)
Hibernate: select u1_0.id,u1_0.avatar_url,u1_0.bio,u1_0.current_streak,u1_0.email,u1_0.first_name,u1_0.is_banned,u1_0.last_login_date,u1_0.last_name,u1_0.password,u1_0.points,u1_0.profession,u1_0.role from users u1_0 where u1_0.email=?
Hibernate: select u1_0.id,u1_0.avatar_url,u1_0.bio,u1_0.current_streak,u1_0.email,u1_0.first_name,u1_0.is_banned,u1_0.last_login_date,u1_0.last_name,u1_0.password,u1_0.points,u1_0.profession,u1_0.role from users u1_0 where u1_0.email=?
Hibernate: select u1_0.id,u1_0.avatar_url,u1_0.bio,u1_0.current_streak,u1_0.email,u1_0.first_name,u1_0.is_banned,u1_0.last_login_date,u1_0.last_name,u1_0.password,u1_0.points,u1_0.profession,u1_0.role from users u1_0 where u1_0.email=?
Hibernate: select u1_0.id,u1_0.avatar_url,u1_0.bio,u1_0.current_streak,u1_0.email,u1_0.first_name,u1_0.is_banned,u1_0.last_login_date,u1_0.last_name,u1_0.password,u1_0.points,u1_0.profession,u1_0.role from users u1_0 where u1_0.email=?
Hibernate: select ss1_0.id,ss1_0.allow_registrations,ss1_0.config_key,ss1_0.global_announcement,ss1_0.maintenance_mode from system_settings ss1_0 where ss1_0.config_key=?
Hibernate: select u1_0.id,u1_0.avatar_url,u1_0.bio,u1_0.current_streak,u1_0.email,u1_0.first_name,u1_0.is_banned,u1_0.last_login_date,u1_0.last_name,u1_0.password,u1_0.points,u1_0.profession,u1_0.role from users u1_0 where u1_0.email=?
Hibernate: select u1_0.id,u1_0.avatar_url,u1_0.bio,u1_0.current_streak,u1_0.email,u1_0.first_name,u1_0.is_banned,u1_0.last_login_date,u1_0.last_name,u1_0.password,u1_0.points,u1_0.profession,u1_0.role from users u1_0 where u1_0.email=?
Hibernate: select u1_0.id,u1_0.avatar_url,u1_0.bio,u1_0.current_streak,u1_0.email,u1_0.first_name,u1_0.is_banned,u1_0.last_login_date,u1_0.last_name,u1_0.password,u1_0.points,u1_0.profession,u1_0.role from users u1_0 where u1_0.email=?
Hibernate: select u1_0.id,u1_0.avatar_url,u1_0.bio,u1_0.current_streak,u1_0.email,u1_0.first_name,u1_0.is_banned,u1_0.last_login_date,u1_0.last_name,u1_0.password,u1_0.points,u1_0.profession,u1_0.role from users u1_0 where u1_0.email=?
Hibernate: select ss1_0.id,ss1_0.allow_registrations,ss1_0.config_key,ss1_0.global_announcement,ss1_0.maintenance_mode from system_settings ss1_0 where ss1_0.config_key=?
Hibernate: select u1_0.id,u1_0.avatar_url,u1_0.bio,u1_0.current_streak,u1_0.email,u1_0.first_name,u1_0.is_banned,u1_0.last_login_date,u1_0.last_name,u1_0.password,u1_0.points,u1_0.profession,u1_0.role from users u1_0 where u1_0.email=?
Hibernate: select e1_0.id,e1_0.completed_at,e1_0.course_id,e1_0.enrolled_at,e1_0.last_accessed,e1_0.progress,e1_0.user_id from enrollments e1_0 left join users u1_0 on u1_0.id=e1_0.user_id where u1_0.id=?
Hibernate: select wi1_0.id,wi1_0.added_at,wi1_0.course_id,wi1_0.user_id from wishlist_items wi1_0 left join users u1_0 on u1_0.id=wi1_0.user_id where u1_0.id=? order by wi1_0.added_at desc
Hibernate: select u1_0.id,u1_0.avatar_url,u1_0.bio,u1_0.current_streak,u1_0.email,u1_0.first_name,u1_0.is_banned,u1_0.last_login_date,u1_0.last_name,u1_0.password,u1_0.points,u1_0.profession,u1_0.role from users u1_0 where u1_0.email=?
Hibernate: select u1_0.id,u1_0.avatar_url,u1_0.bio,u1_0.current_streak,u1_0.email,u1_0.first_name,u1_0.is_banned,u1_0.last_login_date,u1_0.last_name,u1_0.password,u1_0.points,u1_0.profession,u1_0.role from users u1_0 where u1_0.email=?
Hibernate: select u1_0.id,u1_0.avatar_url,u1_0.bio,u1_0.current_streak,u1_0.email,u1_0.first_name,u1_0.is_banned,u1_0.last_login_date,u1_0.last_name,u1_0.password,u1_0.points,u1_0.profession,u1_0.role from users u1_0 where u1_0.email=?
Hibernate: select u1_0.id,u1_0.avatar_url,u1_0.bio,u1_0.current_streak,u1_0.email,u1_0.first_name,u1_0.is_banned,u1_0.last_login_date,u1_0.last_name,u1_0.password,u1_0.points,u1_0.profession,u1_0.role from users u1_0 where u1_0.email=?
Hibernate: select sum(c1_0.price) from enrollments e1_0 join courses c1_0 on c1_0.id=e1_0.course_id
Hibernate: select t1_0.id,t1_0.avatar_url,t1_0.bio,t1_0.current_streak,t1_0.email,t1_0.first_name,t1_0.is_banned,t1_0.last_login_date,t1_0.last_name,t1_0.password,t1_0.points,t1_0.profession,t1_0.role,sum(c1_0.price) from enrollments e1_0 join courses c1_0 on c1_0.id=e1_0.course_id join users t1_0 on t1_0.id=c1_0.tutor_id group by t1_0.id order by 14 desc fetch first ? rows only
Hibernate: select u1_0.id,u1_0.avatar_url,u1_0.bio,u1_0.current_streak,u1_0.email,u1_0.first_name,u1_0.is_banned,u1_0.last_login_date,u1_0.last_name,u1_0.password,u1_0.points,u1_0.profession,u1_0.role from users u1_0 where u1_0.email=?
Hibernate: select sum(c1_0.price) from enrollments e1_0 join courses c1_0 on c1_0.id=e1_0.course_id
Hibernate: select t1_0.id,t1_0.avatar_url,t1_0.bio,t1_0.current_streak,t1_0.email,t1_0.first_name,t1_0.is_banned,t1_0.last_login_date,t1_0.last_name,t1_0.password,t1_0.points,t1_0.profession,t1_0.role,sum(c1_0.price) from enrollments e1_0 join courses c1_0 on c1_0.id=e1_0.course_id join users t1_0 on t1_0.id=c1_0.tutor_id group by t1_0.id order by 14 desc fetch first ? rows only
Hibernate: select u1_0.id,u1_0.avatar_url,u1_0.bio,u1_0.current_streak,u1_0.email,u1_0.first_name,u1_0.is_banned,u1_0.last_login_date,u1_0.last_name,u1_0.password,u1_0.points,u1_0.profession,u1_0.role from users u1_0 where u1_0.email=?
Hibernate: select wi1_0.id,wi1_0.added_at,wi1_0.course_id,wi1_0.user_id from wishlist_items wi1_0 left join users u1_0 on u1_0.id=wi1_0.user_id where u1_0.id=? order by wi1_0.added_at desc
Hibernate: select u1_0.id,u1_0.avatar_url,u1_0.bio,u1_0.current_streak,u1_0.email,u1_0.first_name,u1_0.is_banned,u1_0.last_login_date,u1_0.last_name,u1_0.password,u1_0.points,u1_0.profession,u1_0.role from users u1_0 where u1_0.email=?
Hibernate: select wi1_0.id,wi1_0.added_at,wi1_0.course_id,wi1_0.user_id from wishlist_items wi1_0 left join users u1_0 on u1_0.id=wi1_0.user_id where u1_0.id=? order by wi1_0.added_at desc
Hibernate: select u1_0.id,u1_0.avatar_url,u1_0.bio,u1_0.current_streak,u1_0.email,u1_0.first_name,u1_0.is_banned,u1_0.last_login_date,u1_0.last_name,u1_0.password,u1_0.points,u1_0.profession,u1_0.role from users u1_0 where u1_0.email=?
Hibernate: select u1_0.id,u1_0.avatar_url,u1_0.bio,u1_0.current_streak,u1_0.email,u1_0.first_name,u1_0.is_banned,u1_0.last_login_date,u1_0.last_name,u1_0.password,u1_0.points,u1_0.profession,u1_0.role from users u1_0 where u1_0.email=?
Hibernate: select wi1_0.id,wi1_0.added_at,wi1_0.course_id,wi1_0.user_id from wishlist_items wi1_0 left join users u1_0 on u1_0.id=wi1_0.user_id where u1_0.id=? order by wi1_0.added_at desc
Hibernate: select e1_0.id,e1_0.completed_at,e1_0.course_id,e1_0.enrolled_at,e1_0.last_accessed,e1_0.progress,e1_0.user_id from enrollments e1_0 left join users u1_0 on u1_0.id=e1_0.user_id where u1_0.id=?
Hibernate: select u1_0.id,u1_0.avatar_url,u1_0.bio,u1_0.current_streak,u1_0.email,u1_0.first_name,u1_0.is_banned,u1_0.last_login_date,u1_0.last_name,u1_0.password,u1_0.points,u1_0.profession,u1_0.role from users u1_0 where u1_0.email=?
Hibernate: select u1_0.id,u1_0.avatar_url,u1_0.bio,u1_0.current_streak,u1_0.email,u1_0.first_name,u1_0.is_banned,u1_0.last_login_date,u1_0.last_name,u1_0.password,u1_0.points,u1_0.profession,u1_0.role from users u1_0 where u1_0.email=?
Hibernate: select wi1_0.id,wi1_0.added_at,wi1_0.course_id,wi1_0.user_id from wishlist_items wi1_0 left join users u1_0 on u1_0.id=wi1_0.user_id where u1_0.id=? order by wi1_0.added_at desc
Hibernate: select e1_0.id,e1_0.completed_at,e1_0.course_id,e1_0.enrolled_at,e1_0.last_accessed,e1_0.progress,e1_0.user_id from enrollments e1_0 left join users u1_0 on u1_0.id=e1_0.user_id where u1_0.id=?
Hibernate: select c1_0.id,c1_0.approval_status,c1_0.average_rating,c1_0.category,c1_0.description,c1_0.is_published,c1_0.level,c1_0.price,c1_0.thumbnail,c1_0.title,c1_0.tutor_id,c1_0.view_count from courses c1_0 where c1_0.is_published and c1_0.approval_status=? order by c1_0.view_count desc fetch first ? rows only
Hibernate: select c1_0.id,c1_0.approval_status,c1_0.average_rating,c1_0.category,c1_0.description,c1_0.is_published,c1_0.level,c1_0.price,c1_0.thumbnail,c1_0.title,c1_0.tutor_id,c1_0.view_count from courses c1_0 where c1_0.is_published and c1_0.approval_status=? order by c1_0.average_rating desc fetch first ? rows only
Hibernate: select u1_0.id,u1_0.avatar_url,u1_0.bio,u1_0.current_streak,u1_0.email,u1_0.first_name,u1_0.is_banned,u1_0.last_login_date,u1_0.last_name,u1_0.password,u1_0.points,u1_0.profession,u1_0.role from users u1_0 where u1_0.id=?
Hibernate: select mp1_0.id,mp1_0.completed,mp1_0.last_accessed,mp1_0.last_position,mp1_0.module_id,mp1_0.percentage,mp1_0.user_id from module_progress mp1_0 left join users u1_0 on u1_0.id=mp1_0.user_id left join modules m1_0 on m1_0.id=mp1_0.module_id left join courses c1_0 on c1_0.id=m1_0.course_id where u1_0.id=? and c1_0.id=?
Hibernate: select m1_0.course_id,m1_0.id,m1_0.content,m1_0.notes_url,q1_0.id,q1_0.module_id,q1_0.title,m1_0.title,m1_0.video_url from modules m1_0 left join quizzes q1_0 on m1_0.id=q1_0.module_id where m1_0.course_id=?
Hibernate: select u1_0.id,u1_0.avatar_url,u1_0.bio,u1_0.current_streak,u1_0.email,u1_0.first_name,u1_0.is_banned,u1_0.last_login_date,u1_0.last_name,u1_0.password,u1_0.points,u1_0.profession,u1_0.role from users u1_0 where u1_0.email=?
Hibernate: select c1_0.id,c1_0.approval_status,c1_0.average_rating,c1_0.category,c1_0.description,c1_0.is_published,c1_0.level,c1_0.price,c1_0.thumbnail,c1_0.title,c1_0.tutor_id,c1_0.view_count from courses c1_0 where coalesce(c1_0.is_published,?) and c1_0.approval_status=? order by c1_0.id desc offset ? rows fetch first ? rows only
Hibernate: select u1_0.id,u1_0.avatar_url,u1_0.bio,u1_0.current_streak,u1_0.email,u1_0.first_name,u1_0.is_banned,u1_0.last_login_date,u1_0.last_name,u1_0.password,u1_0.points,u1_0.profession,u1_0.role from users u1_0 where u1_0.id=?
Hibernate: select mp1_0.id,mp1_0.completed,mp1_0.last_accessed,mp1_0.last_position,mp1_0.module_id,mp1_0.percentage,mp1_0.user_id from module_progress mp1_0 left join users u1_0 on u1_0.id=mp1_0.user_id left join modules m1_0 on m1_0.id=mp1_0.module_id left join courses c1_0 on c1_0.id=m1_0.course_id where u1_0.id=? and c1_0.id=?
Hibernate: select m1_0.course_id,m1_0.id,m1_0.content,m1_0.notes_url,q1_0.id,q1_0.module_id,q1_0.title,m1_0.title,m1_0.video_url from modules m1_0 left join quizzes q1_0 on m1_0.id=q1_0.module_id where m1_0.course_id=?
Hibernate: select u1_0.id,u1_0.avatar_url,u1_0.bio,u1_0.current_streak,u1_0.email,u1_0.first_name,u1_0.is_banned,u1_0.last_login_date,u1_0.last_name,u1_0.password,u1_0.points,u1_0.profession,u1_0.role from users u1_0 where u1_0.email=?
Hibernate: select u1_0.id,u1_0.avatar_url,u1_0.bio,u1_0.current_streak,u1_0.email,u1_0.first_name,u1_0.is_banned,u1_0.last_login_date,u1_0.last_name,u1_0.password,u1_0.points,u1_0.profession,u1_0.role from users u1_0 where u1_0.email=?
Hibernate: select u1_0.id,u1_0.avatar_url,u1_0.bio,u1_0.current_streak,u1_0.email,u1_0.first_name,u1_0.is_banned,u1_0.last_login_date,u1_0.last_name,u1_0.password,u1_0.points,u1_0.profession,u1_0.role from users u1_0 where u1_0.email=?
Hibernate: select u1_0.id,u1_0.avatar_url,u1_0.bio,u1_0.current_streak,u1_0.email,u1_0.first_name,u1_0.is_banned,u1_0.last_login_date,u1_0.last_name,u1_0.password,u1_0.points,u1_0.profession,u1_0.role from users u1_0 where u1_0.email=?
Hibernate: select e1_0.id,e1_0.completed_at,e1_0.course_id,e1_0.enrolled_at,e1_0.last_accessed,e1_0.progress,e1_0.user_id from enrollments e1_0 left join users u1_0 on u1_0.id=e1_0.user_id where u1_0.id=?
Hibernate: select wi1_0.id,wi1_0.added_at,wi1_0.course_id,wi1_0.user_id from wishlist_items wi1_0 left join users u1_0 on u1_0.id=wi1_0.user_id where u1_0.id=? order by wi1_0.added_at desc
Hibernate: select e1_0.id,e1_0.completed_at,e1_0.course_id,e1_0.enrolled_at,e1_0.last_accessed,e1_0.progress,e1_0.user_id from enrollments e1_0 left join users u1_0 on u1_0.id=e1_0.user_id where u1_0.id=?
Hibernate: select c1_0.id,c1_0.approval_status,c1_0.average_rating,c1_0.category,c1_0.description,c1_0.is_published,c1_0.level,c1_0.price,c1_0.thumbnail,c1_0.title,c1_0.tutor_id,c1_0.view_count from courses c1_0 where c1_0.is_published and c1_0.approval_status=? order by c1_0.view_count desc fetch first ? rows only
Hibernate: select eb1_0.id,eb1_0.badge_id,eb1_0.earned_at,eb1_0.user_id from earned_badges eb1_0 left join users u1_0 on u1_0.id=eb1_0.user_id where u1_0.id=? order by eb1_0.earned_at desc
Hibernate: select c1_0.id,c1_0.approval_status,c1_0.average_rating,c1_0.category,c1_0.description,c1_0.is_published,c1_0.level,c1_0.price,c1_0.thumbnail,c1_0.title,c1_0.tutor_id,c1_0.view_count from courses c1_0 where c1_0.is_published and c1_0.approval_status=? order by c1_0.average_rating desc fetch first ? rows only
Hibernate: select u1_0.id,u1_0.avatar_url,u1_0.bio,u1_0.current_streak,u1_0.email,u1_0.first_name,u1_0.is_banned,u1_0.last_login_date,u1_0.last_name,u1_0.password,u1_0.points,u1_0.profession,u1_0.role from users u1_0 where u1_0.id=?
Hibernate: select mp1_0.id,mp1_0.completed,mp1_0.last_accessed,mp1_0.last_position,mp1_0.module_id,mp1_0.percentage,mp1_0.user_id from module_progress mp1_0 left join users u1_0 on u1_0.id=mp1_0.user_id left join modules m1_0 on m1_0.id=mp1_0.module_id left join courses c1_0 on c1_0.id=m1_0.course_id where u1_0.id=? and c1_0.id=?
Hibernate: select m1_0.course_id,m1_0.id,m1_0.content,m1_0.notes_url,q1_0.id,q1_0.module_id,q1_0.title,m1_0.title,m1_0.video_url from modules m1_0 left join quizzes q1_0 on m1_0.id=q1_0.module_id where m1_0.course_id=?
Hibernate: select u1_0.id,u1_0.avatar_url,u1_0.bio,u1_0.current_streak,u1_0.email,u1_0.first_name,u1_0.is_banned,u1_0.last_login_date,u1_0.last_name,u1_0.password,u1_0.points,u1_0.profession,u1_0.role from users u1_0 where u1_0.email=?
Hibernate: select eb1_0.id,eb1_0.badge_id,eb1_0.earned_at,eb1_0.user_id from earned_badges eb1_0 left join users u1_0 on u1_0.id=eb1_0.user_id where u1_0.id=? order by eb1_0.earned_at desc
Hibernate: select u1_0.id,u1_0.avatar_url,u1_0.bio,u1_0.current_streak,u1_0.email,u1_0.first_name,u1_0.is_banned,u1_0.last_login_date,u1_0.last_name,u1_0.password,u1_0.points,u1_0.profession,u1_0.role from users u1_0 where u1_0.email=?
Hibernate: select u1_0.id,u1_0.avatar_url,u1_0.bio,u1_0.current_streak,u1_0.email,u1_0.first_name,u1_0.is_banned,u1_0.last_login_date,u1_0.last_name,u1_0.password,u1_0.points,u1_0.profession,u1_0.role from users u1_0 offset ? rows fetch first ? rows only
Hibernate: select u1_0.id,u1_0.avatar_url,u1_0.bio,u1_0.current_streak,u1_0.email,u1_0.first_name,u1_0.is_banned,u1_0.last_login_date,u1_0.last_name,u1_0.password,u1_0.points,u1_0.profession,u1_0.role from users u1_0 where u1_0.email=?
Hibernate: select c1_0.id,c1_0.approval_status,c1_0.average_rating,c1_0.category,c1_0.description,c1_0.is_published,c1_0.level,c1_0.price,c1_0.thumbnail,c1_0.title,c1_0.tutor_id,c1_0.view_count from courses c1_0 where c1_0.approval_status=? fetch first ? rows only
Hibernate: select u1_0.id,u1_0.avatar_url,u1_0.bio,u1_0.current_streak,u1_0.email,u1_0.first_name,u1_0.is_banned,u1_0.last_login_date,u1_0.last_name,u1_0.password,u1_0.points,u1_0.profession,u1_0.role from users u1_0 where u1_0.email=?
Hibernate: select u1_0.id,u1_0.avatar_url,u1_0.bio,u1_0.current_streak,u1_0.email,u1_0.first_name,u1_0.is_banned,u1_0.last_login_date,u1_0.last_name,u1_0.password,u1_0.points,u1_0.profession,u1_0.role from users u1_0 offset ? rows fetch first ? rows only
Hibernate: select u1_0.id,u1_0.avatar_url,u1_0.bio,u1_0.current_streak,u1_0.email,u1_0.first_name,u1_0.is_banned,u1_0.last_login_date,u1_0.last_name,u1_0.password,u1_0.points,u1_0.profession,u1_0.role from users u1_0 where u1_0.email=?
Hibernate: select d1_0.id,d1_0.content,d1_0.course_id,d1_0.created_at,d1_0.is_hidden,d1_0.module_id,d1_0.parent_id,d1_0.upvotes,d1_0.user_id from discussions d1_0 order by d1_0.created_at desc fetch first ? rows only
Hibernate: select u1_0.id,u1_0.avatar_url,u1_0.bio,u1_0.current_streak,u1_0.email,u1_0.first_name,u1_0.is_banned,u1_0.last_login_date,u1_0.last_name,u1_0.password,u1_0.points,u1_0.profession,u1_0.role from users u1_0 where u1_0.email=?
Hibernate: select sum(c1_0.price) from enrollments e1_0 join courses c1_0 on c1_0.id=e1_0.course_id
Hibernate: select t1_0.id,t1_0.avatar_url,t1_0.bio,t1_0.current_streak,t1_0.email,t1_0.first_name,t1_0.is_banned,t1_0.last_login_date,t1_0.last_name,t1_0.password,t1_0.points,t1_0.profession,t1_0.role,sum(c1_0.price) from enrollments e1_0 join courses c1_0 on c1_0.id=e1_0.course_id join users t1_0 on t1_0.id=c1_0.tutor_id group by t1_0.id order by 14 desc fetch first ? rows only
Hibernate: select u1_0.id,u1_0.avatar_url,u1_0.bio,u1_0.current_streak,u1_0.email,u1_0.first_name,u1_0.is_banned,u1_0.last_login_date,u1_0.last_name,u1_0.password,u1_0.points,u1_0.profession,u1_0.role from users u1_0 where u1_0.email=?
Hibernate: select ss1_0.id,ss1_0.allow_registrations,ss1_0.config_key,ss1_0.global_announcement,ss1_0.maintenance_mode from system_settings ss1_0 where ss1_0.config_key=?
Hibernate: select u1_0.id,u1_0.avatar_url,u1_0.bio,u1_0.current_streak,u1_0.email,u1_0.first_name,u1_0.is_banned,u1_0.last_login_date,u1_0.last_name,u1_0.password,u1_0.points,u1_0.profession,u1_0.role from users u1_0 where u1_0.email=?
Hibernate: select sum(c1_0.price) from enrollments e1_0 join courses c1_0 on c1_0.id=e1_0.course_id
Hibernate: select t1_0.id,t1_0.avatar_url,t1_0.bio,t1_0.current_streak,t1_0.email,t1_0.first_name,t1_0.is_banned,t1_0.last_login_date,t1_0.last_name,t1_0.password,t1_0.points,t1_0.profession,t1_0.role,sum(c1_0.price) from enrollments e1_0 join courses c1_0 on c1_0.id=e1_0.course_id join users t1_0 on t1_0.id=c1_0.tutor_id group by t1_0.id order by 14 desc fetch first ? rows only
